name=art_embedding
exit=0
expected_exit=0
require_nonzero=False
timeout_seconds=180
timed_out=False
elapsed_ms=1257
--- stdout ---
WIN32_ART_EMBED start
WIN32_ART_EMBED runtime_create result=0 vm=000001567FAE27B0 env=000001567FACCFE0
WIN32_ART_EMBED predecessor_uef armed=1
WIN32_ART_EMBED predecessor_uef resumed calls=1
WIN32_ART_EMBED frame_seh armed phase=runtime-active
WIN32_ART_EMBED frame_seh caught phase=runtime-active
WIN32_ART_EMBED late_uef installed predecessor_is_art=1
WIN32_ART_EMBED runtime_destroy detach=0 destroy=0
WIN32_ART_EMBED teardown late_uef_preserved=1
WIN32_ART_EMBED frame_seh armed phase=runtime-unloaded
WIN32_ART_EMBED frame_seh caught phase=runtime-unloaded
WIN32_ART_EMBED result foreign_veh_calls=3 predecessor_uef_calls=1 late_uef_calls=0 frame_seh_calls=2
WIN32_ART_EMBED PASS
--- stderr ---
win32_art_embedding_probe.exe I 07-29 17:56:21  1340  4124 parsed_options.cc:711] setting boot class path to run\boot.jar
win32_art_embedding_probe.exe W 07-29 17:56:21  1340  4124 runtime.cc:1724] Could not reserve sentinel fault page
win32_art_embedding_probe.exe I 07-29 17:56:21  1340  4124 heap.cc:445] Using CollectorTypeCMS GC.
win32_art_embedding_probe.exe E 07-29 17:56:21  1340  4124 image_space.cc:3367] Could not create image space with image file '/nonexistent-no-boot-image'. Attempting to fall back to imageless running. Error was: Invalid boot class path component: run\boot.jar
win32_art_embedding_probe.exe I 07-29 17:56:21  1340  4124 heap.cc:657] Heap non_moving space begin=0x410000 end=0x411000 limit=0x4410000 capacity=67108864 dlmalloc_space=0x1567fade0d0
win32_art_embedding_probe.exe I 07-29 17:56:21  1340  4124 heap.cc:1008] Windows x64 CreateMainMallocSpace begin=0x4410000 limit=0x24410000 allocator=2 dlmalloc_space=0x1567fade0d0 rosalloc_space=0x1567fae1d30
win32_art_embedding_probe.exe I 07-29 17:56:21  1340  4124 heap.cc:754] Windows x64 continuous space zygote / non moving space [0x410000,0x4410000) continuous=1
win32_art_embedding_probe.exe I 07-29 17:56:21  1340  4124 heap.cc:754] Windows x64 continuous space main rosalloc space [0x4410000,0x24410000) continuous=1
win32_art_embedding_probe.exe I 07-29 17:56:21  1340  4124 heap.cc:759] Windows x64 Heap this=0x1567faee0b0 card_table_ptr=0x1567fb00b10 biased=0x15602000070 offsetof(card_table_) approx via ptr-diff: 112
win32_art_embedding_probe.exe I 07-29 17:56:21  1340  4124 runtime.cc:1997] Runtime::Init after Heap construction Runtime=0x1567faed5d0 heap_=0x1567faee0b0 offsetof(heap_)=512 sizeof(long)=4 sizeof(void*)=8
win32_art_embedding_probe.exe I 07-29 17:56:21  1340  4124 runtime.cc:2039] Runtime::Init after JDWP setup
win32_art_embedding_probe.exe I 07-29 17:56:21  1340  4124 runtime.cc:2076] Runtime::Init after SmallLrtAllocator
win32_art_embedding_probe.exe I 07-29 17:56:21  1340  4124 runtime.cc:2080] Runtime::Init before arena pools
win32_art_embedding_probe.exe I 07-29 17:56:21  1340  4124 runtime.cc:2085] Runtime::Init after BlockSignals
win32_art_embedding_probe.exe I 07-29 17:56:21  1340  4124 runtime.cc:2089] Runtime::Init after InitPlatformSignalHandlers
win32_art_embedding_probe.exe I 07-29 17:56:21  1340  4124 runtime.cc:2125] Runtime::Init before fault_manager.Init no_sig_chain=0
win32_art_embedding_probe.exe I 07-29 17:56:21  1340  4124 runtime.cc:2129] Runtime::Init after fault_manager.Init
win32_art_embedding_probe.exe I 07-29 17:56:21  1340  4124 runtime.cc:2178] Runtime::Init before JavaVMExt::Create
win32_art_embedding_probe.exe I 07-29 17:56:21  1340  4124 runtime.cc:2182] Runtime::Init after JavaVMExt::Create vm=1
win32_art_embedding_probe.exe I 07-29 17:56:21  1340  4124 runtime.cc:2194] Runtime::Init before Thread::Startup
win32_art_embedding_probe.exe I 07-29 17:56:21  1340  4124 runtime.cc:2198] Runtime::Init after Thread::Startup
win32_art_embedding_probe.exe I 07-29 17:56:21  1340  4124 runtime.cc:2205] Runtime::Init before Thread::Attach(main)
win32_art_embedding_probe.exe I 07-29 17:56:21  1340  4124 runtime.cc:2209] Runtime::Init after Thread::Attach(main) self=0x1567faf5c20
win32_art_embedding_probe.exe E 07-29 17:56:21  1340  4124 zip_archive.cc:213] SetCloseOnExec is not supported on Windows.: No error
win32_art_embedding_probe.exe I 07-29 17:56:22  1340  4124 class_linker.cc:714] InitWithoutImage java_lang_Class=0x4103c0 size=896 non_moving=[0x410000,0x4410000) card_map=0x15602000000 biased=0x15602000070 runtime=0x1567faed5d0 rt->heap=0x1567faee0b0 heap_arg=0x1567faee0b0 ct=0x1567fb00b10
win32_art_embedding_probe.exe W 07-29 17:56:22  1340  4124 hidden_api.cc:232] hiddenapi: DexFile run\boot.jar is in boot class path but is not in a known location
win32_art_embedding_probe.exe W 07-29 17:56:22  1340  4124 hidden_api.cc:232] hiddenapi: DexFile run\boot.jar!classes2.dex is in boot class path but is not in a known location
win32_art_embedding_probe.exe I 07-29 17:56:22  1340  4124 class_linker.cc:920] InitWithoutImage trampolines resolution=0x7ff91015f440 to_interp=0x7ff91015f740 nterp=0x7ff910166b40 generic_jni=0x7ff91015f590
win32_art_embedding_probe.exe I 07-29 17:56:22  1340  4124 class_linker.cc:933] InitWithoutImage before CheckSystemClass Object
win32_art_embedding_probe.exe I 07-29 17:56:22  1340  4124 class_linker.cc:938] InitWithoutImage after CheckSystemClass Object
win32_art_embedding_probe.exe I 07-29 17:56:22  1340  4124 class_linker.cc:942] InitWithoutImage after IsFinalizable Object
win32_art_embedding_probe.exe I 07-29 17:56:22  1340  4124 class_linker.cc:947] InitWithoutImage before CheckSystemClass String
win32_art_embedding_probe.exe I 07-29 17:56:22  1340  4124 class_linker.cc:952] InitWithoutImage after CheckSystemClass String
win32_art_embedding_probe.exe I 07-29 17:56:22  1340  4124 class_linker.cc:955] InitWithoutImage before CheckSystemClass DexCache
win32_art_embedding_probe.exe I 07-29 17:56:22  1340  4124 class_linker.cc:960] InitWithoutImage after CheckSystemClass DexCache
win32_art_embedding_probe.exe I 07-29 17:56:22  1340  4124 class_linker.cc:964] InitWithoutImage before CheckSystemClass ClassExt
win32_art_embedding_probe.exe I 07-29 17:56:22  1340  4124 class_linker.cc:969] InitWithoutImage after CheckSystemClass ClassExt
win32_art_embedding_probe.exe I 07-29 17:56:22  1340  4124 class_linker.cc:976] InitWithoutImage before CheckSystemClass Class
win32_art_embedding_probe.exe I 07-29 17:56:22  1340  4124 class_linker.cc:980] InitWithoutImage after CheckSystemClass Class
win32_art_embedding_probe.exe I 07-29 17:56:22  1340  4124 class_linker.cc:986] InitWithoutImage before FinishCoreArrayClassSetup ObjectArray
win32_art_embedding_probe.exe I 07-29 17:56:22  1340  4124 class_linker.cc:3100] FinishArrayClassSetup enter array=0x4410300 descriptor=[Ljava/lang/Object; component=0x4410230 ptr_size=8
win32_art_embedding_probe.exe I 07-29 17:56:22  1340  4124 class_linker.cc:3120] FinishArrayClassSetup before PopulateEmbeddedVTable
win32_art_embedding_probe.exe I 07-29 17:56:22  1340  4124 class_linker.cc:3124] FinishArrayClassSetup after PopulateEmbeddedVTable
win32_art_embedding_probe.exe I 07-29 17:56:22  1340  4124 class_linker.cc:3128] FinishArrayClassSetup Object IMT=0x156035102b8
win32_art_embedding_probe.exe I 07-29 17:56:22  1340  4124 class_linker.cc:3132] FinishArrayClassSetup after SetImt
win32_art_embedding_probe.exe I 07-29 17:56:22  1340  4124 class_linker.cc:3170] FinishArrayClassSetup done
win32_art_embedding_probe.exe I 07-29 17:56:22  1340  4124 class_linker.cc:3185] FinishCoreArrayClassSetup InsertClass [Ljava/lang/Object; hash=2064239927 array=0x4410300
win32_art_embedding_probe.exe I 07-29 17:56:22  1340  4124 class_linker.cc:3191] FinishCoreArrayClassSetup InsertClass done [Ljava/lang/Object;
win32_art_embedding_probe.exe I 07-29 17:56:22  1340  4124 class_linker.cc:990] InitWithoutImage after FinishCoreArrayClassSetup ObjectArray
win32_art_embedding_probe.exe I 07-29 17:56:22  1340  4124 class_linker.cc:993] InitWithoutImage before FinishCoreArrayClassSetup ClassArray
win32_art_embedding_probe.exe I 07-29 17:56:22  1340  4124 class_linker.cc:3100] FinishArrayClassSetup enter array=0x4410160 descriptor=[Ljava/lang/Class; component=0x4103c0 ptr_size=8
win32_art_embedding_probe.exe I 07-29 17:56:22  1340  4124 class_linker.cc:3120] FinishArrayClassSetup before PopulateEmbeddedVTable
win32_art_embedding_probe.exe I 07-29 17:56:22  1340  4124 class_linker.cc:3124] FinishArrayClassSetup after PopulateEmbeddedVTable
win32_art_embedding_probe.exe I 07-29 17:56:22  1340  4124 class_linker.cc:3128] FinishArrayClassSetup Object IMT=0x156035102b8
win32_art_embedding_probe.exe I 07-29 17:56:22  1340  4124 class_linker.cc:3132] FinishArrayClassSetup after SetImt
win32_art_embedding_probe.exe I 07-29 17:56:22  1340  4124 class_linker.cc:3170] FinishArrayClassSetup done
win32_art_embedding_probe.exe I 07-29 17:56:22  1340  4124 class_linker.cc:3185] FinishCoreArrayClassSetup InsertClass [Ljava/lang/Class; hash=978945544 array=0x4410160
win32_art_embedding_probe.exe I 07-29 17:56:22  1340  4124 class_linker.cc:3191] FinishCoreArrayClassSetup InsertClass done [Ljava/lang/Class;
win32_art_embedding_probe.exe I 07-29 17:56:22  1340  4124 class_linker.cc:997] InitWithoutImage after FinishCoreArrayClassSetup ClassArray
win32_art_embedding_probe.exe I 07-29 17:56:22  1340  4124 class_linker.cc:3100] FinishArrayClassSetup enter array=0x4410570 descriptor=[Ljava/lang/String; component=0x410770 ptr_size=8
win32_art_embedding_probe.exe I 07-29 17:56:22  1340  4124 class_linker.cc:3120] FinishArrayClassSetup before PopulateEmbeddedVTable
win32_art_embedding_probe.exe I 07-29 17:56:22  1340  4124 class_linker.cc:3124] FinishArrayClassSetup after PopulateEmbeddedVTable
win32_art_embedding_probe.exe I 07-29 17:56:22  1340  4124 class_linker.cc:3128] FinishArrayClassSetup Object IMT=0x156035102b8
win32_art_embedding_probe.exe I 07-29 17:56:22  1340  4124 class_linker.cc:3132] FinishArrayClassSetup after SetImt
win32_art_embedding_probe.exe I 07-29 17:56:22  1340  4124 class_linker.cc:3170] FinishArrayClassSetup done
win32_art_embedding_probe.exe I 07-29 17:56:22  1340  4124 class_linker.cc:3185] FinishCoreArrayClassSetup InsertClass [Ljava/lang/String; hash=1842129573 array=0x4410570
win32_art_embedding_probe.exe I 07-29 17:56:22  1340  4124 class_linker.cc:3191] FinishCoreArrayClassSetup InsertClass done [Ljava/lang/String;
win32_art_embedding_probe.exe I 07-29 17:56:22  1340  4124 class_linker.cc:3100] FinishArrayClassSetup enter array=0x410a90 descriptor=[Z component=0x4411120 ptr_size=8
win32_art_embedding_probe.exe I 07-29 17:56:22  1340  4124 class_linker.cc:3120] FinishArrayClassSetup before PopulateEmbeddedVTable
win32_art_embedding_probe.exe I 07-29 17:56:22  1340  4124 class_linker.cc:3124] FinishArrayClassSetup after PopulateEmbeddedVTable
win32_art_embedding_probe.exe I 07-29 17:56:22  1340  4124 class_linker.cc:3128] FinishArrayClassSetup Object IMT=0x156035102b8
win32_art_embedding_probe.exe I 07-29 17:56:22  1340  4124 class_linker.cc:3132] FinishArrayClassSetup after SetImt
win32_art_embedding_probe.exe I 07-29 17:56:22  1340  4124 class_linker.cc:3170] FinishArrayClassSetup done
win32_art_embedding_probe.exe I 07-29 17:56:22  1340  4124 class_linker.cc:3185] FinishCoreArrayClassSetup InsertClass [Z hash=2911 array=0x410a90
win32_art_embedding_probe.exe I 07-29 17:56:22  1340  4124 class_linker.cc:3191] FinishCoreArrayClassSetup InsertClass done [Z
win32_art_embedding_probe.exe I 07-29 17:56:22  1340  4124 class_linker.cc:3100] FinishArrayClassSetup enter array=0x410b70 descriptor=[B component=0x4411190 ptr_size=8
win32_art_embedding_probe.exe I 07-29 17:56:22  1340  4124 class_linker.cc:3120] FinishArrayClassSetup before PopulateEmbeddedVTable
win32_art_embedding_probe.exe I 07-29 17:56:22  1340  4124 class_linker.cc:3124] FinishArrayClassSetup after PopulateEmbeddedVTable
win32_art_embedding_probe.exe I 07-29 17:56:22  1340  4124 class_linker.cc:3128] FinishArrayClassSetup Object IMT=0x156035102b8
win32_art_embedding_probe.exe I 07-29 17:56:22  1340  4124 class_linker.cc:3132] FinishArrayClassSetup after SetImt
win32_art_embedding_probe.exe I 07-29 17:56:22  1340  4124 class_linker.cc:3170] FinishArrayClassSetup done
win32_art_embedding_probe.exe I 07-29 17:56:22  1340  4124 class_linker.cc:3185] FinishCoreArrayClassSetup InsertClass [B hash=2887 array=0x410b70
win32_art_embedding_probe.exe I 07-29 17:56:22  1340  4124 class_linker.cc:3191] FinishCoreArrayClassSetup InsertClass done [B
win32_art_embedding_probe.exe I 07-29 17:56:22  1340  4124 class_linker.cc:3100] FinishArrayClassSetup enter array=0x410c50 descriptor=[C component=0x4411200 ptr_size=8
win32_art_embedding_probe.exe I 07-29 17:56:22  1340  4124 class_linker.cc:3120] FinishArrayClassSetup before PopulateEmbeddedVTable
win32_art_embedding_probe.exe I 07-29 17:56:22  1340  4124 class_linker.cc:3124] FinishArrayClassSetup after PopulateEmbeddedVTable
win32_art_embedding_probe.exe I 07-29 17:56:22  1340  4124 class_linker.cc:3128] FinishArrayClassSetup Object IMT=0x156035102b8
win32_art_embedding_probe.exe I 07-29 17:56:22  1340  4124 class_linker.cc:3132] FinishArrayClassSetup after SetImt
win32_art_embedding_probe.exe I 07-29 17:56:22  1340  4124 class_linker.cc:3170] FinishArrayClassSetup done
win32_art_embedding_probe.exe I 07-29 17:56:22  1340  4124 class_linker.cc:3185] FinishCoreArrayClassSetup InsertClass [C hash=2888 array=0x410c50
win32_art_embedding_probe.exe I 07-29 17:56:22  1340  4124 class_linker.cc:3191] FinishCoreArrayClassSetup InsertClass done [C
win32_art_embedding_probe.exe I 07-29 17:56:22  1340  4124 class_linker.cc:3100] FinishArrayClassSetup enter array=0x410d30 descriptor=[S component=0x4411270 ptr_size=8
win32_art_embedding_probe.exe I 07-29 17:56:22  1340  4124 class_linker.cc:3120] FinishArrayClassSetup before PopulateEmbeddedVTable
win32_art_embedding_probe.exe I 07-29 17:56:22  1340  4124 class_linker.cc:3124] FinishArrayClassSetup after PopulateEmbeddedVTable
win32_art_embedding_probe.exe I 07-29 17:56:22  1340  4124 class_linker.cc:3128] FinishArrayClassSetup Object IMT=0x156035102b8
win32_art_embedding_probe.exe I 07-29 17:56:22  1340  4124 class_linker.cc:3132] FinishArrayClassSetup after SetImt
win32_art_embedding_probe.exe I 07-29 17:56:22  1340  4124 class_linker.cc:3170] FinishArrayClassSetup done
win32_art_embedding_probe.exe I 07-29 17:56:22  1340  4124 class_linker.cc:3185] FinishCoreArrayClassSetup InsertClass [S hash=2904 array=0x410d30
win32_art_embedding_probe.exe I 07-29 17:56:22  1340  4124 class_linker.cc:3191] FinishCoreArrayClassSetup InsertClass done [S
win32_art_embedding_probe.exe I 07-29 17:56:22  1340  4124 class_linker.cc:3100] FinishArrayClassSetup enter array=0x410e10 descriptor=[I component=0x44112e0 ptr_size=8
win32_art_embedding_probe.exe I 07-29 17:56:22  1340  4124 class_linker.cc:3120] FinishArrayClassSetup before PopulateEmbeddedVTable
win32_art_embedding_probe.exe I 07-29 17:56:22  1340  4124 class_linker.cc:3124] FinishArrayClassSetup after PopulateEmbeddedVTable
win32_art_embedding_probe.exe I 07-29 17:56:22  1340  4124 class_linker.cc:3128] FinishArrayClassSetup Object IMT=0x156035102b8
win32_art_embedding_probe.exe I 07-29 17:56:22  1340  4124 class_linker.cc:3132] FinishArrayClassSetup after SetImt
win32_art_embedding_probe.exe I 07-29 17:56:22  1340  4124 class_linker.cc:3170] FinishArrayClassSetup done
win32_art_embedding_probe.exe I 07-29 17:56:22  1340  4124 class_linker.cc:3185] FinishCoreArrayClassSetup InsertClass [I hash=2894 array=0x410e10
win32_art_embedding_probe.exe I 07-29 17:56:22  1340  4124 class_linker.cc:3191] FinishCoreArrayClassSetup InsertClass done [I
win32_art_embedding_probe.exe I 07-29 17:56:22  1340  4124 class_linker.cc:3100] FinishArrayClassSetup enter array=0x411010 descriptor=[J component=0x4411350 ptr_size=8
win32_art_embedding_probe.exe I 07-29 17:56:22  1340  4124 class_linker.cc:3120] FinishArrayClassSetup before PopulateEmbeddedVTable
win32_art_embedding_probe.exe I 07-29 17:56:22  1340  4124 class_linker.cc:3124] FinishArrayClassSetup after PopulateEmbeddedVTable
win32_art_embedding_probe.exe I 07-29 17:56:22  1340  4124 class_linker.cc:3128] FinishArrayClassSetup Object IMT=0x156035102b8
win32_art_embedding_probe.exe I 07-29 17:56:22  1340  4124 class_linker.cc:3132] FinishArrayClassSetup after SetImt
win32_art_embedding_probe.exe I 07-29 17:56:22  1340  4124 class_linker.cc:3170] FinishArrayClassSetup done
win32_art_embedding_probe.exe I 07-29 17:56:22  1340  4124 class_linker.cc:3185] FinishCoreArrayClassSetup InsertClass [J hash=2895 array=0x411010
win32_art_embedding_probe.exe I 07-29 17:56:22  1340  4124 class_linker.cc:3191] FinishCoreArrayClassSetup InsertClass done [J
win32_art_embedding_probe.exe I 07-29 17:56:22  1340  4124 class_linker.cc:3100] FinishArrayClassSetup enter array=0x4110f0 descriptor=[F component=0x44113c0 ptr_size=8
win32_art_embedding_probe.exe I 07-29 17:56:22  1340  4124 class_linker.cc:3120] FinishArrayClassSetup before PopulateEmbeddedVTable
win32_art_embedding_probe.exe I 07-29 17:56:22  1340  4124 class_linker.cc:3124] FinishArrayClassSetup after PopulateEmbeddedVTable
win32_art_embedding_probe.exe I 07-29 17:56:22  1340  4124 class_linker.cc:3128] FinishArrayClassSetup Object IMT=0x156035102b8
win32_art_embedding_probe.exe I 07-29 17:56:22  1340  4124 class_linker.cc:3132] FinishArrayClassSetup after SetImt
win32_art_embedding_probe.exe I 07-29 17:56:22  1340  4124 class_linker.cc:3170] FinishArrayClassSetup done
win32_art_embedding_probe.exe I 07-29 17:56:22  1340  4124 class_linker.cc:3185] FinishCoreArrayClassSetup InsertClass [F hash=2891 array=0x4110f0
win32_art_embedding_probe.exe I 07-29 17:56:22  1340  4124 class_linker.cc:3191] FinishCoreArrayClassSetup InsertClass done [F
win32_art_embedding_probe.exe I 07-29 17:56:22  1340  4124 class_linker.cc:3100] FinishArrayClassSetup enter array=0x4111d0 descriptor=[D component=0x4411430 ptr_size=8
win32_art_embedding_probe.exe I 07-29 17:56:22  1340  4124 class_linker.cc:3120] FinishArrayClassSetup before PopulateEmbeddedVTable
win32_art_embedding_probe.exe I 07-29 17:56:22  1340  4124 class_linker.cc:3124] FinishArrayClassSetup after PopulateEmbeddedVTable
win32_art_embedding_probe.exe I 07-29 17:56:22  1340  4124 class_linker.cc:3128] FinishArrayClassSetup Object IMT=0x156035102b8
win32_art_embedding_probe.exe I 07-29 17:56:22  1340  4124 class_linker.cc:3132] FinishArrayClassSetup after SetImt
win32_art_embedding_probe.exe I 07-29 17:56:22  1340  4124 class_linker.cc:3170] FinishArrayClassSetup done
win32_art_embedding_probe.exe I 07-29 17:56:22  1340  4124 class_linker.cc:3185] FinishCoreArrayClassSetup InsertClass [D hash=2889 array=0x4111d0
win32_art_embedding_probe.exe I 07-29 17:56:22  1340  4124 class_linker.cc:3191] FinishCoreArrayClassSetup InsertClass done [D
win32_art_embedding_probe.exe I 07-29 17:56:22  1340  4124 class_linker.cc:1009] InitWithoutImage after all FinishCoreArrayClassSetup; before Cloneable FindSystemClass
win32_art_embedding_probe.exe I 07-29 17:56:22  1340  4124 class_linker.cc:1015] InitWithoutImage after Cloneable FindSystemClass
win32_art_embedding_probe.exe I 07-29 17:56:22  1340  4124 class_linker.cc:1021] InitWithoutImage after Serializable FindSystemClass
win32_art_embedding_probe.exe I 07-29 17:56:22  1340  4124 class_linker.cc:1042] InitWithoutImage before Enum FindSystemClass
win32_art_embedding_probe.exe I 07-29 17:56:22  1340  4124 class_linker.cc:1046] InitWithoutImage after Enum FindSystemClass
win32_art_embedding_probe.exe I 07-29 17:56:22  1340  4124 class_linker.cc:1055] InitWithoutImage before Proxy FindSystemClass
win32_art_embedding_probe.exe I 07-29 17:56:22  1340  4124 class_linker.cc:1060] InitWithoutImage after Proxy FindSystemClass
win32_art_embedding_probe.exe I 07-29 17:56:22  1340  4124 class_linker.cc:1065] InitWithoutImage before Field FindSystemClass
win32_art_embedding_probe.exe I 07-29 17:56:22  1340  4124 class_linker.cc:1071] InitWithoutImage after Field FindSystemClass class=0x441ac00
win32_art_embedding_probe.exe I 07-29 17:56:22  1340  4124 class_linker.cc:1076] InitWithoutImage before Field[] FindSystemClass
win32_art_embedding_probe.exe I 07-29 17:56:22  1340  4124 class_linker.cc:3100] FinishArrayClassSetup enter array=0x4410640 descriptor=[Ljava/lang/reflect/Field; component=0x441ac00 ptr_size=8
win32_art_embedding_probe.exe I 07-29 17:56:22  1340  4124 class_linker.cc:3120] FinishArrayClassSetup before PopulateEmbeddedVTable
win32_art_embedding_probe.exe I 07-29 17:56:22  1340  4124 class_linker.cc:3124] FinishArrayClassSetup after PopulateEmbeddedVTable
win32_art_embedding_probe.exe I 07-29 17:56:22  1340  4124 class_linker.cc:3128] FinishArrayClassSetup Object IMT=0x156035102b8
win32_art_embedding_probe.exe I 07-29 17:56:22  1340  4124 class_linker.cc:3132] FinishArrayClassSetup after SetImt
win32_art_embedding_probe.exe I 07-29 17:56:22  1340  4124 class_linker.cc:3170] FinishArrayClassSetup done
win32_art_embedding_probe.exe I 07-29 17:56:22  1340  4124 class_linker.cc:1082] InitWithoutImage after Field[] FindSystemClass class=0x4410640
win32_art_embedding_probe.exe I 07-29 17:56:22  1340  4124 class_linker.cc:1087] InitWithoutImage before Constructor FindSystemClass
win32_art_embedding_probe.exe I 07-29 17:56:22  1340  4124 class_linker.cc:1093] InitWithoutImage after Constructor FindSystemClass
win32_art_embedding_probe.exe I 07-29 17:56:22  1340  4124 class_linker.cc:3100] FinishArrayClassSetup enter array=0x4410710 descriptor=[Ljava/lang/reflect/Constructor; component=0x441b000 ptr_size=8
win32_art_embedding_probe.exe I 07-29 17:56:22  1340  4124 class_linker.cc:3120] FinishArrayClassSetup before PopulateEmbeddedVTable
win32_art_embedding_probe.exe I 07-29 17:56:22  1340  4124 class_linker.cc:3124] FinishArrayClassSetup after PopulateEmbeddedVTable
win32_art_embedding_probe.exe I 07-29 17:56:22  1340  4124 class_linker.cc:3128] FinishArrayClassSetup Object IMT=0x156035102b8
win32_art_embedding_probe.exe I 07-29 17:56:22  1340  4124 class_linker.cc:3132] FinishArrayClassSetup after SetImt
win32_art_embedding_probe.exe I 07-29 17:56:22  1340  4124 class_linker.cc:3170] FinishArrayClassSetup done
win32_art_embedding_probe.exe I 07-29 17:56:22  1340  4124 class_linker.cc:1099] InitWithoutImage after Constructor[] FindSystemClass
win32_art_embedding_probe.exe I 07-29 17:56:22  1340  4124 class_linker.cc:1104] InitWithoutImage before Method FindSystemClass
win32_art_embedding_probe.exe I 07-29 17:56:22  1340  4124 class_linker.cc:1110] InitWithoutImage after Method FindSystemClass
win32_art_embedding_probe.exe I 07-29 17:56:22  1340  4124 class_linker.cc:3100] FinishArrayClassSetup enter array=0x44107e0 descriptor=[Ljava/lang/reflect/Method; component=0x441b800 ptr_size=8
win32_art_embedding_probe.exe I 07-29 17:56:22  1340  4124 class_linker.cc:3120] FinishArrayClassSetup before PopulateEmbeddedVTable
win32_art_embedding_probe.exe I 07-29 17:56:22  1340  4124 class_linker.cc:3124] FinishArrayClassSetup after PopulateEmbeddedVTable
win32_art_embedding_probe.exe I 07-29 17:56:22  1340  4124 class_linker.cc:3128] FinishArrayClassSetup Object IMT=0x156035102b8
win32_art_embedding_probe.exe I 07-29 17:56:22  1340  4124 class_linker.cc:3132] FinishArrayClassSetup after SetImt
win32_art_embedding_probe.exe I 07-29 17:56:22  1340  4124 class_linker.cc:3170] FinishArrayClassSetup done
win32_art_embedding_probe.exe I 07-29 17:56:22  1340  4124 class_linker.cc:1116] InitWithoutImage after Method[] FindSystemClass
win32_art_embedding_probe.exe I 07-29 17:56:22  1340  4124 class_linker.cc:1121] InitWithoutImage before CallSite FindSystemClass
win32_art_embedding_probe.exe I 07-29 17:56:22  1340  4124 class_linker.cc:1127] InitWithoutImage after CallSite FindSystemClass
win32_art_embedding_probe.exe I 07-29 17:56:22  1340  4124 class_linker.cc:1132] InitWithoutImage before MethodType FindSystemClass
win32_art_embedding_probe.exe I 07-29 17:56:22  1340  4124 class_linker.cc:1138] InitWithoutImage after MethodType FindSystemClass
win32_art_embedding_probe.exe I 07-29 17:56:22  1340  4124 class_linker.cc:1143] InitWithoutImage before MethodHandleImpl FindSystemClass
win32_art_embedding_probe.exe I 07-29 17:56:22  1340  4124 class_linker.cc:1150] InitWithoutImage after MethodHandleImpl FindSystemClass
win32_art_embedding_probe.exe I 07-29 17:56:22  1340  4124 class_linker.cc:1155] InitWithoutImage before MethodHandles$Lookup FindSystemClass
win32_art_embedding_probe.exe I 07-29 17:56:22  1340  4124 class_linker.cc:1161] InitWithoutImage after MethodHandles$Lookup FindSystemClass
win32_art_embedding_probe.exe I 07-29 17:56:22  1340  4124 class_linker.cc:1166] InitWithoutImage before VarHandle FindSystemClass
win32_art_embedding_probe.exe I 07-29 17:56:22  1340  4124 class_linker.cc:1172] InitWithoutImage after VarHandle FindSystemClass
win32_art_embedding_probe.exe I 07-29 17:56:22  1340  4124 class_linker.cc:1177] InitWithoutImage before FieldVarHandle FindSystemClass
win32_art_embedding_probe.exe I 07-29 17:56:22  1340  4124 class_linker.cc:1183] InitWithoutImage after FieldVarHandle FindSystemClass
win32_art_embedding_probe.exe I 07-29 17:56:22  1340  4124 class_linker.cc:1188] InitWithoutImage before StaticFieldVarHandle FindSystemClass
win32_art_embedding_probe.exe I 07-29 17:56:22  1340  4124 class_linker.cc:1194] InitWithoutImage after StaticFieldVarHandle FindSystemClass
win32_art_embedding_probe.exe I 07-29 17:56:22  1340  4124 class_linker.cc:1199] InitWithoutImage before ArrayElementVarHandle FindSystemClass
win32_art_embedding_probe.exe I 07-29 17:56:22  1340  4124 class_linker.cc:1205] InitWithoutImage after ArrayElementVarHandle FindSystemClass
win32_art_embedding_probe.exe I 07-29 17:56:22  1340  4124 class_linker.cc:1210] InitWithoutImage before ByteArrayViewVarHandle FindSystemClass
win32_art_embedding_probe.exe I 07-29 17:56:22  1340  4124 class_linker.cc:1216] InitWithoutImage after ByteArrayViewVarHandle FindSystemClass
win32_art_embedding_probe.exe I 07-29 17:56:22  1340  4124 class_linker.cc:1221] InitWithoutImage before ByteBufferViewVarHandle FindSystemClass
win32_art_embedding_probe.exe I 07-29 17:56:22  1340  4124 class_linker.cc:1227] InitWithoutImage after ByteBufferViewVarHandle FindSystemClass
win32_art_embedding_probe.exe I 07-29 17:56:22  1340  4124 class_linker.cc:1231] InitWithoutImage before EmulatedStackFrame FindSystemClass
win32_art_embedding_probe.exe I 07-29 17:56:22  1340  4124 class_linker.cc:1237] InitWithoutImage after EmulatedStackFrame FindSystemClass
win32_art_embedding_probe.exe I 07-29 17:56:22  1340  4124 class_linker.cc:1243] InitWithoutImage before Reference CheckSystemClass
win32_art_embedding_probe.exe I 07-29 17:56:22  1340  4124 class_linker.cc:1251] InitWithoutImage after Reference CheckSystemClass; before FinalizerReference
win32_art_embedding_probe.exe I 07-29 17:56:22  1340  4124 class_linker.cc:1256] InitWithoutImage after FinalizerReference
win32_art_embedding_probe.exe I 07-29 17:56:22  1340  4124 class_linker.cc:1265] InitWithoutImage after ref subclasses
win32_art_embedding_probe.exe I 07-29 17:56:22  1340  4124 class_linker.cc:1270] InitWithoutImage before ClassLoader FindSystemClass
win32_art_embedding_probe.exe I 07-29 17:56:22  1340  4124 class_linker.cc:1277] InitWithoutImage after ClassLoader FindSystemClass
win32_art_embedding_probe.exe I 07-29 17:56:22  1340  4124 class_linker.cc:1283] InitWithoutImage before Throwable FindSystemClass
win32_art_embedding_probe.exe I 07-29 17:56:22  1340  4124 class_linker.cc:1287] InitWithoutImage after Throwable FindSystemClass
win32_art_embedding_probe.exe I 07-29 17:56:22  1340  4124 class_linker.cc:3100] FinishArrayClassSetup enter array=0x4410b20 descriptor=[Ljava/lang/StackTraceElement; component=0x442e300 ptr_size=8
win32_art_embedding_probe.exe I 07-29 17:56:22  1340  4124 class_linker.cc:3120] FinishArrayClassSetup before PopulateEmbeddedVTable
win32_art_embedding_probe.exe I 07-29 17:56:22  1340  4124 class_linker.cc:3124] FinishArrayClassSetup after PopulateEmbeddedVTable
win32_art_embedding_probe.exe I 07-29 17:56:22  1340  4124 class_linker.cc:3128] FinishArrayClassSetup Object IMT=0x156035102b8
win32_art_embedding_probe.exe I 07-29 17:56:22  1340  4124 class_linker.cc:3132] FinishArrayClassSetup after SetImt
win32_art_embedding_probe.exe I 07-29 17:56:22  1340  4124 class_linker.cc:3170] FinishArrayClassSetup done
win32_art_embedding_probe.exe I 07-29 17:56:22  1340  4124 class_linker.cc:3100] FinishArrayClassSetup enter array=0x4410bf0 descriptor=[Ljava/lang/ClassLoader; component=0x442c270 ptr_size=8
win32_art_embedding_probe.exe I 07-29 17:56:22  1340  4124 class_linker.cc:3120] FinishArrayClassSetup before PopulateEmbeddedVTable
win32_art_embedding_probe.exe I 07-29 17:56:22  1340  4124 class_linker.cc:3124] FinishArrayClassSetup after PopulateEmbeddedVTable
win32_art_embedding_probe.exe I 07-29 17:56:22  1340  4124 class_linker.cc:3128] FinishArrayClassSetup Object IMT=0x156035102b8
win32_art_embedding_probe.exe I 07-29 17:56:22  1340  4124 class_linker.cc:3132] FinishArrayClassSetup after SetImt
win32_art_embedding_probe.exe I 07-29 17:56:22  1340  4124 class_linker.cc:3170] FinishArrayClassSetup done
win32_art_embedding_probe.exe I 07-29 17:56:22  1340  4124 class_linker.cc:1298] InitWithoutImage after convenience roots; before FixupConflictTables
win32_art_embedding_probe.exe I 07-29 17:56:22  1340  4124 class_linker.cc:1304] InitWithoutImage after FixupConflictTables; before FinishInit
win32_art_embedding_probe.exe I 07-29 17:56:22  1340  4124 class_linker.cc:1309] InitWithoutImage after FinishInit
win32_art_embedding_probe.exe I 07-29 17:56:22  1340  4124 class_linker.cc:3100] FinishArrayClassSetup enter array=0x4432a50 descriptor=[Ljava/lang/annotation/Annotation; component=0x442c900 ptr_size=8
win32_art_embedding_probe.exe I 07-29 17:56:22  1340  4124 class_linker.cc:3120] FinishArrayClassSetup before PopulateEmbeddedVTable
win32_art_embedding_probe.exe I 07-29 17:56:22  1340  4124 class_linker.cc:3124] FinishArrayClassSetup after PopulateEmbeddedVTable
win32_art_embedding_probe.exe I 07-29 17:56:22  1340  4124 class_linker.cc:3128] FinishArrayClassSetup Object IMT=0x156035102b8
win32_art_embedding_probe.exe I 07-29 17:56:22  1340  4124 class_linker.cc:3132] FinishArrayClassSetup after SetImt
win32_art_embedding_probe.exe I 07-29 17:56:22  1340  4124 class_linker.cc:3170] FinishArrayClassSetup done
win32_art_embedding_probe.exe I 07-29 17:56:22  1340  4124 class_linker.cc:3100] FinishArrayClassSetup enter array=0x4432e60 descriptor=[Ljava/lang/reflect/RecordComponent; component=0x442aec0 ptr_size=8
win32_art_embedding_probe.exe I 07-29 17:56:22  1340  4124 class_linker.cc:3120] FinishArrayClassSetup before PopulateEmbeddedVTable
win32_art_embedding_probe.exe I 07-29 17:56:22  1340  4124 class_linker.cc:3124] FinishArrayClassSetup after PopulateEmbeddedVTable
win32_art_embedding_probe.exe I 07-29 17:56:22  1340  4124 class_linker.cc:3128] FinishArrayClassSetup Object IMT=0x156035102b8
win32_art_embedding_probe.exe I 07-29 17:56:22  1340  4124 class_linker.cc:3132] FinishArrayClassSetup after SetImt
win32_art_embedding_probe.exe I 07-29 17:56:22  1340  4124 class_linker.cc:3170] FinishArrayClassSetup done
win32_art_embedding_probe.exe I 07-29 17:56:22  1340  4124 class_linker.cc:3100] FinishArrayClassSetup enter array=0x4432f30 descriptor=[Ljava/lang/reflect/Type; component=0x4411900 ptr_size=8
win32_art_embedding_probe.exe I 07-29 17:56:22  1340  4124 class_linker.cc:3120] FinishArrayClassSetup before PopulateEmbeddedVTable
win32_art_embedding_probe.exe I 07-29 17:56:22  1340  4124 class_linker.cc:3124] FinishArrayClassSetup after PopulateEmbeddedVTable
win32_art_embedding_probe.exe I 07-29 17:56:22  1340  4124 class_linker.cc:3128] FinishArrayClassSetup Object IMT=0x156035102b8
win32_art_embedding_probe.exe I 07-29 17:56:22  1340  4124 class_linker.cc:3132] FinishArrayClassSetup after SetImt
win32_art_embedding_probe.exe I 07-29 17:56:22  1340  4124 class_linker.cc:3170] FinishArrayClassSetup done
win32_art_embedding_probe.exe I 07-29 17:56:22  1340  4124 class_linker.cc:3100] FinishArrayClassSetup enter array=0x4442300 descriptor=[Ljava/lang/Enum; component=0x4411ac0 ptr_size=8
win32_art_embedding_probe.exe I 07-29 17:56:22  1340  4124 class_linker.cc:3120] FinishArrayClassSetup before PopulateEmbeddedVTable
win32_art_embedding_probe.exe I 07-29 17:56:22  1340  4124 class_linker.cc:3124] FinishArrayClassSetup after PopulateEmbeddedVTable
win32_art_embedding_probe.exe I 07-29 17:56:22  1340  4124 class_linker.cc:3128] FinishArrayClassSetup Object IMT=0x156035102b8
win32_art_embedding_probe.exe I 07-29 17:56:22  1340  4124 class_linker.cc:3132] FinishArrayClassSetup after SetImt
win32_art_embedding_probe.exe I 07-29 17:56:22  1340  4124 class_linker.cc:3170] FinishArrayClassSetup done
win32_art_embedding_probe.exe I 07-29 17:56:22  1340  4124 class_linker.cc:3100] FinishArrayClassSetup enter array=0x4442570 descriptor=[Ljava/lang/reflect/TypeVariable; component=0x442cd60 ptr_size=8
win32_art_embedding_probe.exe I 07-29 17:56:22  1340  4124 class_linker.cc:3120] FinishArrayClassSetup before PopulateEmbeddedVTable
win32_art_embedding_probe.exe I 07-29 17:56:22  1340  4124 class_linker.cc:3124] FinishArrayClassSetup after PopulateEmbeddedVTable
win32_art_embedding_probe.exe I 07-29 17:56:22  1340  4124 class_linker.cc:3128] FinishArrayClassSetup Object IMT=0x156035102b8
win32_art_embedding_probe.exe I 07-29 17:56:22  1340  4124 class_linker.cc:3132] FinishArrayClassSetup after SetImt
win32_art_embedding_probe.exe I 07-29 17:56:22  1340  4124 class_linker.cc:3170] FinishArrayClassSetup done
win32_art_embedding_probe.exe I 07-29 17:56:22  1340  4124 class_linker.cc:3100] FinishArrayClassSetup enter array=0x44427e0 descriptor=[Ljava/io/ObjectStreamField; component=0x44287b0 ptr_size=8
win32_art_embedding_probe.exe I 07-29 17:56:22  1340  4124 class_linker.cc:3120] FinishArrayClassSetup before PopulateEmbeddedVTable
win32_art_embedding_probe.exe I 07-29 17:56:22  1340  4124 class_linker.cc:3124] FinishArrayClassSetup after PopulateEmbeddedVTable
win32_art_embedding_probe.exe I 07-29 17:56:22  1340  4124 class_linker.cc:3128] FinishArrayClassSetup Object IMT=0x156035102b8
win32_art_embedding_probe.exe I 07-29 17:56:22  1340  4124 class_linker.cc:3132] FinishArrayClassSetup after SetImt
win32_art_embedding_probe.exe I 07-29 17:56:22  1340  4124 class_linker.cc:3170] FinishArrayClassSetup done
win32_art_embedding_probe.exe I 07-29 17:56:22  1340  4124 class_linker.cc:3100] FinishArrayClassSetup enter array=0x4442f30 descriptor=[Ljava/lang/CharSequence; component=0x44116d0 ptr_size=8
win32_art_embedding_probe.exe I 07-29 17:56:22  1340  4124 class_linker.cc:3120] FinishArrayClassSetup before PopulateEmbeddedVTable
win32_art_embedding_probe.exe I 07-29 17:56:22  1340  4124 class_linker.cc:3124] FinishArrayClassSetup after PopulateEmbeddedVTable
win32_art_embedding_probe.exe I 07-29 17:56:22  1340  4124 class_linker.cc:3128] FinishArrayClassSetup Object IMT=0x156035102b8
win32_art_embedding_probe.exe I 07-29 17:56:22  1340  4124 class_linker.cc:3132] FinishArrayClassSetup after SetImt
win32_art_embedding_probe.exe I 07-29 17:56:22  1340  4124 class_linker.cc:3170] FinishArrayClassSetup done
win32_art_embedding_probe.exe I 07-29 17:56:22  1340  4124 class_linker.cc:3100] FinishArrayClassSetup enter array=0x444c3d0 descriptor=[Ljava/lang/reflect/AccessibleObject; component=0x4421160 ptr_size=8
win32_art_embedding_probe.exe I 07-29 17:56:22  1340  4124 class_linker.cc:3120] FinishArrayClassSetup before PopulateEmbeddedVTable
win32_art_embedding_probe.exe I 07-29 17:56:22  1340  4124 class_linker.cc:3124] FinishArrayClassSetup after PopulateEmbeddedVTable
win32_art_embedding_probe.exe I 07-29 17:56:22  1340  4124 class_linker.cc:3128] FinishArrayClassSetup Object IMT=0x156035102b8
win32_art_embedding_probe.exe I 07-29 17:56:22  1340  4124 class_linker.cc:3132] FinishArrayClassSetup after SetImt
win32_art_embedding_probe.exe I 07-29 17:56:22  1340  4124 class_linker.cc:3170] FinishArrayClassSetup done
win32_art_embedding_probe.exe I 07-29 17:56:22  1340  4124 class_linker.cc:3100] FinishArrayClassSetup enter array=0x444c710 descriptor=[Ldalvik/system/VirtualThreadFrame; component=0x444c640 ptr_size=8
win32_art_embedding_probe.exe I 07-29 17:56:22  1340  4124 class_linker.cc:3120] FinishArrayClassSetup before PopulateEmbeddedVTable
win32_art_embedding_probe.exe I 07-29 17:56:22  1340  4124 class_linker.cc:3124] FinishArrayClassSetup after PopulateEmbeddedVTable
win32_art_embedding_probe.exe I 07-29 17:56:22  1340  4124 class_linker.cc:3128] FinishArrayClassSetup Object IMT=0x156035102b8
win32_art_embedding_probe.exe I 07-29 17:56:22  1340  4124 class_linker.cc:3132] FinishArrayClassSetup after SetImt
win32_art_embedding_probe.exe I 07-29 17:56:22  1340  4124 class_linker.cc:3170] FinishArrayClassSetup done
win32_art_embedding_probe.exe I 07-29 17:56:22  1340  4124 class_linker.cc:3100] FinishArrayClassSetup enter array=0x444c7e0 descriptor=[Ljava/lang/reflect/Parameter; component=0x44303a0 ptr_size=8
win32_art_embedding_probe.exe I 07-29 17:56:22  1340  4124 class_linker.cc:3120] FinishArrayClassSetup before PopulateEmbeddedVTable
win32_art_embedding_probe.exe I 07-29 17:56:22  1340  4124 class_linker.cc:3124] FinishArrayClassSetup after PopulateEmbeddedVTable
win32_art_embedding_probe.exe I 07-29 17:56:22  1340  4124 class_linker.cc:3128] FinishArrayClassSetup Object IMT=0x156035102b8
win32_art_embedding_probe.exe I 07-29 17:56:22  1340  4124 class_linker.cc:3132] FinishArrayClassSetup after SetImt
win32_art_embedding_probe.exe I 07-29 17:56:22  1340  4124 class_linker.cc:3170] FinishArrayClassSetup done
win32_art_embedding_probe.exe I 07-29 17:56:22  1340  4124 class_linker.cc:3100] FinishArrayClassSetup enter array=0x444c8b0 descriptor=[Llibcore/reflect/AnnotationMember; component=0x4450120 ptr_size=8
win32_art_embedding_probe.exe I 07-29 17:56:22  1340  4124 class_linker.cc:3120] FinishArrayClassSetup before PopulateEmbeddedVTable
win32_art_embedding_probe.exe I 07-29 17:56:22  1340  4124 class_linker.cc:3124] FinishArrayClassSetup after PopulateEmbeddedVTable
win32_art_embedding_probe.exe I 07-29 17:56:22  1340  4124 class_linker.cc:3128] FinishArrayClassSetup Object IMT=0x156035102b8
win32_art_embedding_probe.exe I 07-29 17:56:22  1340  4124 class_linker.cc:3132] FinishArrayClassSetup after SetImt
win32_art_embedding_probe.exe I 07-29 17:56:22  1340  4124 class_linker.cc:3170] FinishArrayClassSetup done
Register I 07-29 17:56:22  1340  4124 Using product ICU data from ICU_DATA=run\icu (skip stub common data)
win32_art_embedding_probe.exe I 07-29 17:56:22  1340  4124 class_linker.cc:3100] FinishArrayClassSetup enter array=0x4460710 descriptor=[Ljava/lang/Package; component=0x442f5f0 ptr_size=8
win32_art_embedding_probe.exe I 07-29 17:56:22  1340  4124 class_linker.cc:3120] FinishArrayClassSetup before PopulateEmbeddedVTable
win32_art_embedding_probe.exe I 07-29 17:56:22  1340  4124 class_linker.cc:3124] FinishArrayClassSetup after PopulateEmbeddedVTable
win32_art_embedding_probe.exe I 07-29 17:56:22  1340  4124 class_linker.cc:3128] FinishArrayClassSetup Object IMT=0x156035102b8
win32_art_embedding_probe.exe I 07-29 17:56:22  1340  4124 class_linker.cc:3132] FinishArrayClassSetup after SetImt
win32_art_embedding_probe.exe I 07-29 17:56:22  1340  4124 class_linker.cc:3170] FinishArrayClassSetup done
win32_art_embedding_probe.exe I 07-29 17:56:22  1340  4124 class_linker.cc:3100] FinishArrayClassSetup enter array=0x44607e0 descriptor=[Ljava/util/Enumeration; component=0x4469200 ptr_size=8
win32_art_embedding_probe.exe I 07-29 17:56:22  1340  4124 class_linker.cc:3120] FinishArrayClassSetup before PopulateEmbeddedVTable
win32_art_embedding_probe.exe I 07-29 17:56:22  1340  4124 class_linker.cc:3124] FinishArrayClassSetup after PopulateEmbeddedVTable
win32_art_embedding_probe.exe I 07-29 17:56:22  1340  4124 class_linker.cc:3128] FinishArrayClassSetup Object IMT=0x156035102b8
win32_art_embedding_probe.exe I 07-29 17:56:22  1340  4124 class_linker.cc:3132] FinishArrayClassSetup after SetImt
win32_art_embedding_probe.exe I 07-29 17:56:22  1340  4124 class_linker.cc:3170] FinishArrayClassSetup done
win32_art_embedding_probe.exe I 07-29 17:56:22  1340  4124 class_linker.cc:3100] FinishArrayClassSetup enter array=0x44608b0 descriptor=[Ljava/util/Map$Entry; component=0x4469660 ptr_size=8
win32_art_embedding_probe.exe I 07-29 17:56:22  1340  4124 class_linker.cc:3120] FinishArrayClassSetup before PopulateEmbeddedVTable
win32_art_embedding_probe.exe I 07-29 17:56:22  1340  4124 class_linker.cc:3124] FinishArrayClassSetup after PopulateEmbeddedVTable
win32_art_embedding_probe.exe I 07-29 17:56:22  1340  4124 class_linker.cc:3128] FinishArrayClassSetup Object IMT=0x156035102b8
win32_art_embedding_probe.exe I 07-29 17:56:22  1340  4124 class_linker.cc:3132] FinishArrayClassSetup after SetImt
win32_art_embedding_probe.exe I 07-29 17:56:22  1340  4124 class_linker.cc:3170] FinishArrayClassSetup done
win32_art_embedding_probe.exe I 07-29 17:56:22  1340  4124 class_linker.cc:3100] FinishArrayClassSetup enter array=0x4460bf0 descriptor=[Ljava/util/HashMap$Node; component=0x4453b50 ptr_size=8
win32_art_embedding_probe.exe I 07-29 17:56:22  1340  4124 class_linker.cc:3120] FinishArrayClassSetup before PopulateEmbeddedVTable
win32_art_embedding_probe.exe I 07-29 17:56:22  1340  4124 class_linker.cc:3124] FinishArrayClassSetup after PopulateEmbeddedVTable
win32_art_embedding_probe.exe I 07-29 17:56:22  1340  4124 class_linker.cc:3128] FinishArrayClassSetup Object IMT=0x156035102b8
win32_art_embedding_probe.exe I 07-29 17:56:22  1340  4124 class_linker.cc:3132] FinishArrayClassSetup after SetImt
win32_art_embedding_probe.exe I 07-29 17:56:22  1340  4124 class_linker.cc:3170] FinishArrayClassSetup done
win32_art_embedding_probe.exe I 07-29 17:56:22  1340  4124 class_linker.cc:3100] FinishArrayClassSetup enter array=0x44784a0 descriptor=[Ljava/lang/Thread; component=0x4437c00 ptr_size=8
win32_art_embedding_probe.exe I 07-29 17:56:22  1340  4124 class_linker.cc:3120] FinishArrayClassSetup before PopulateEmbeddedVTable
win32_art_embedding_probe.exe I 07-29 17:56:22  1340  4124 class_linker.cc:3124] FinishArrayClassSetup after PopulateEmbeddedVTable
win32_art_embedding_probe.exe I 07-29 17:56:22  1340  4124 class_linker.cc:3128] FinishArrayClassSetup Object IMT=0x156035102b8
win32_art_embedding_probe.exe I 07-29 17:56:22  1340  4124 class_linker.cc:3132] FinishArrayClassSetup after SetImt
win32_art_embedding_probe.exe I 07-29 17:56:22  1340  4124 class_linker.cc:3170] FinishArrayClassSetup done
win32_art_embedding_probe.exe I 07-29 17:56:22  1340  4124 class_linker.cc:3100] FinishArrayClassSetup enter array=0x4478cc0 descriptor=[Ljava/net/InetAddress; component=0x443a880 ptr_size=8
win32_art_embedding_probe.exe I 07-29 17:56:22  1340  4124 class_linker.cc:3120] FinishArrayClassSetup before PopulateEmbeddedVTable
win32_art_embedding_probe.exe I 07-29 17:56:22  1340  4124 class_linker.cc:3124] FinishArrayClassSetup after PopulateEmbeddedVTable
win32_art_embedding_probe.exe I 07-29 17:56:22  1340  4124 class_linker.cc:3128] FinishArrayClassSetup Object IMT=0x156035102b8
win32_art_embedding_probe.exe I 07-29 17:56:22  1340  4124 class_linker.cc:3132] FinishArrayClassSetup after SetImt
win32_art_embedding_probe.exe I 07-29 17:56:22  1340  4124 class_linker.cc:3170] FinishArrayClassSetup done
win32_art_embedding_probe.exe I 07-29 17:56:22  1340  4124 class_linker.cc:3100] FinishArrayClassSetup enter array=0x448f4a0 descriptor=[Ljava/lang/Integer; component=0x4430500 ptr_size=8
win32_art_embedding_probe.exe I 07-29 17:56:22  1340  4124 class_linker.cc:3120] FinishArrayClassSetup before PopulateEmbeddedVTable
win32_art_embedding_probe.exe I 07-29 17:56:22  1340  4124 class_linker.cc:3124] FinishArrayClassSetup after PopulateEmbeddedVTable
win32_art_embedding_probe.exe I 07-29 17:56:22  1340  4124 class_linker.cc:3128] FinishArrayClassSetup Object IMT=0x156035102b8
win32_art_embedding_probe.exe I 07-29 17:56:22  1340  4124 class_linker.cc:3132] FinishArrayClassSetup after SetImt
win32_art_embedding_probe.exe I 07-29 17:56:22  1340  4124 class_linker.cc:3170] FinishArrayClassSetup done
win32_art_embedding_probe.exe I 07-29 17:56:22  1340  4124 class_linker.cc:3100] FinishArrayClassSetup enter array=0x448f710 descriptor=[[Ljava/lang/String; component=0x4410570 ptr_size=8
win32_art_embedding_probe.exe I 07-29 17:56:22  1340  4124 class_linker.cc:3120] FinishArrayClassSetup before PopulateEmbeddedVTable
win32_art_embedding_probe.exe I 07-29 17:56:22  1340  4124 class_linker.cc:3124] FinishArrayClassSetup after PopulateEmbeddedVTable
win32_art_embedding_probe.exe I 07-29 17:56:22  1340  4124 class_linker.cc:3128] FinishArrayClassSetup Object IMT=0x156035102b8
win32_art_embedding_probe.exe I 07-29 17:56:22  1340  4124 class_linker.cc:3132] FinishArrayClassSetup after SetImt
win32_art_embedding_probe.exe I 07-29 17:56:22  1340  4124 class_linker.cc:3170] FinishArrayClassSetup done
win32_art_embedding_probe.exe I 07-29 17:56:22  1340  4124 class_linker.cc:3100] FinishArrayClassSetup enter array=0x448f980 descriptor=[Ljava/lang/invoke/MethodHandle; component=0x441d1a0 ptr_size=8
win32_art_embedding_probe.exe I 07-29 17:56:22  1340  4124 class_linker.cc:3120] FinishArrayClassSetup before PopulateEmbeddedVTable
win32_art_embedding_probe.exe I 07-29 17:56:22  1340  4124 class_linker.cc:3124] FinishArrayClassSetup after PopulateEmbeddedVTable
win32_art_embedding_probe.exe I 07-29 17:56:22  1340  4124 class_linker.cc:3128] FinishArrayClassSetup Object IMT=0x156035102b8
win32_art_embedding_probe.exe I 07-29 17:56:22  1340  4124 class_linker.cc:3132] FinishArrayClassSetup after SetImt
win32_art_embedding_probe.exe I 07-29 17:56:22  1340  4124 class_linker.cc:3170] FinishArrayClassSetup done
win32_art_embedding_probe.exe I 07-29 17:56:22  1340  4124 class_linker.cc:3100] FinishArrayClassSetup enter array=0x448fa50 descriptor=[Ljava/util/List; component=0x442cac0 ptr_size=8
win32_art_embedding_probe.exe I 07-29 17:56:22  1340  4124 class_linker.cc:3120] FinishArrayClassSetup before PopulateEmbeddedVTable
win32_art_embedding_probe.exe I 07-29 17:56:22  1340  4124 class_linker.cc:3124] FinishArrayClassSetup after PopulateEmbeddedVTable
win32_art_embedding_probe.exe I 07-29 17:56:22  1340  4124 class_linker.cc:3128] FinishArrayClassSetup Object IMT=0x156035102b8
win32_art_embedding_probe.exe I 07-29 17:56:22  1340  4124 class_linker.cc:3132] FinishArrayClassSetup after SetImt
win32_art_embedding_probe.exe I 07-29 17:56:22  1340  4124 class_linker.cc:3170] FinishArrayClassSetup done
win32_art_embedding_probe.exe I 07-29 17:56:22  1340  4124 class_linker.cc:3100] FinishArrayClassSetup enter array=0x448fb20 descriptor=[[Ljava/lang/invoke/MethodHandle; component=0x448f980 ptr_size=8
win32_art_embedding_probe.exe I 07-29 17:56:22  1340  4124 class_linker.cc:3120] FinishArrayClassSetup before PopulateEmbeddedVTable
win32_art_embedding_probe.exe I 07-29 17:56:22  1340  4124 class_linker.cc:3124] FinishArrayClassSetup after PopulateEmbeddedVTable
win32_art_embedding_probe.exe I 07-29 17:56:22  1340  4124 class_linker.cc:3128] FinishArrayClassSetup Object IMT=0x156035102b8
win32_art_embedding_probe.exe I 07-29 17:56:22  1340  4124 class_linker.cc:3132] FinishArrayClassSetup after SetImt
win32_art_embedding_probe.exe I 07-29 17:56:22  1340  4124 class_linker.cc:3170] FinishArrayClassSetup done
win32_art_embedding_probe.exe I 07-29 17:56:22  1340  4124 class_linker.cc:3100] FinishArrayClassSetup enter array=0x448fe60 descriptor=[[Ljava/lang/annotation/Annotation; component=0x4432a50 ptr_size=8
win32_art_embedding_probe.exe I 07-29 17:56:22  1340  4124 class_linker.cc:3120] FinishArrayClassSetup before PopulateEmbeddedVTable
win32_art_embedding_probe.exe I 07-29 17:56:22  1340  4124 class_linker.cc:3124] FinishArrayClassSetup after PopulateEmbeddedVTable
win32_art_embedding_probe.exe I 07-29 17:56:22  1340  4124 class_linker.cc:3128] FinishArrayClassSetup Object IMT=0x156035102b8
win32_art_embedding_probe.exe I 07-29 17:56:22  1340  4124 class_linker.cc:3132] FinishArrayClassSetup after SetImt
win32_art_embedding_probe.exe I 07-29 17:56:22  1340  4124 class_linker.cc:3170] FinishArrayClassSetup done
win32_art_embedding_probe.exe I 07-29 17:56:22  1340  4124 class_linker.cc:3100] FinishArrayClassSetup enter array=0x44a5160 descriptor=[Ljava/lang/Comparable; component=0x4411660 ptr_size=8
win32_art_embedding_probe.exe I 07-29 17:56:22  1340  4124 class_linker.cc:3120] FinishArrayClassSetup before PopulateEmbeddedVTable
win32_art_embedding_probe.exe I 07-29 17:56:22  1340  4124 class_linker.cc:3124] FinishArrayClassSetup after PopulateEmbeddedVTable
win32_art_embedding_probe.exe I 07-29 17:56:22  1340  4124 class_linker.cc:3128] FinishArrayClassSetup Object IMT=0x156035102b8
win32_art_embedding_probe.exe I 07-29 17:56:22  1340  4124 class_linker.cc:3132] FinishArrayClassSetup after SetImt
win32_art_embedding_probe.exe I 07-29 17:56:22  1340  4124 class_linker.cc:3170] FinishArrayClassSetup done
win32_art_embedding_probe.exe I 07-29 17:56:22  1340  4124 class_linker.cc:3100] FinishArrayClassSetup enter array=0x44a5230 descriptor=[Ljava/lang/Byte; component=0x44288e0 ptr_size=8
win32_art_embedding_probe.exe I 07-29 17:56:22  1340  4124 class_linker.cc:3120] FinishArrayClassSetup before PopulateEmbeddedVTable
win32_art_embedding_probe.exe I 07-29 17:56:22  1340  4124 class_linker.cc:3124] FinishArrayClassSetup after PopulateEmbeddedVTable
win32_art_embedding_probe.exe I 07-29 17:56:22  1340  4124 class_linker.cc:3128] FinishArrayClassSetup Object IMT=0x156035102b8
win32_art_embedding_probe.exe I 07-29 17:56:22  1340  4124 class_linker.cc:3132] FinishArrayClassSetup after SetImt
win32_art_embedding_probe.exe I 07-29 17:56:22  1340  4124 class_linker.cc:3170] FinishArrayClassSetup done
win32_art_embedding_probe.exe I 07-29 17:56:22  1340  4124 class_linker.cc:3100] FinishArrayClassSetup enter array=0x44a5300 descriptor=[Ljava/lang/constant/ConstantDesc; component=0x44117b0 ptr_size=8
win32_art_embedding_probe.exe I 07-29 17:56:22  1340  4124 class_linker.cc:3120] FinishArrayClassSetup before PopulateEmbeddedVTable
win32_art_embedding_probe.exe I 07-29 17:56:22  1340  4124 class_linker.cc:3124] FinishArrayClassSetup after PopulateEmbeddedVTable
win32_art_embedding_probe.exe I 07-29 17:56:22  1340  4124 class_linker.cc:3128] FinishArrayClassSetup Object IMT=0x156035102b8
win32_art_embedding_probe.exe I 07-29 17:56:22  1340  4124 class_linker.cc:3132] FinishArrayClassSetup after SetImt
win32_art_embedding_probe.exe I 07-29 17:56:22  1340  4124 class_linker.cc:3170] FinishArrayClassSetup done
win32_art_embedding_probe.exe I 07-29 17:56:22  1340  4124 class_linker.cc:3100] FinishArrayClassSetup enter array=0x44a54a0 descriptor=[Ljava/lang/Throwable; component=0x4430240 ptr_size=8
win32_art_embedding_probe.exe I 07-29 17:56:22  1340  4124 class_linker.cc:3120] FinishArrayClassSetup before PopulateEmbeddedVTable
win32_art_embedding_probe.exe I 07-29 17:56:22  1340  4124 class_linker.cc:3124] FinishArrayClassSetup after PopulateEmbeddedVTable
win32_art_embedding_probe.exe I 07-29 17:56:22  1340  4124 class_linker.cc:3128] FinishArrayClassSetup Object IMT=0x156035102b8
win32_art_embedding_probe.exe I 07-29 17:56:22  1340  4124 class_linker.cc:3132] FinishArrayClassSetup after SetImt
win32_art_embedding_probe.exe I 07-29 17:56:22  1340  4124 class_linker.cc:3170] FinishArrayClassSetup done
win32_art_embedding_probe.exe I 07-29 17:56:22  1340  4124 class_linker.cc:3100] FinishArrayClassSetup enter array=0x44a5570 descriptor=[Ljava/lang/Short; component=0x4428a10 ptr_size=8
win32_art_embedding_probe.exe I 07-29 17:56:22  1340  4124 class_linker.cc:3120] FinishArrayClassSetup before PopulateEmbeddedVTable
win32_art_embedding_probe.exe I 07-29 17:56:22  1340  4124 class_linker.cc:3124] FinishArrayClassSetup after PopulateEmbeddedVTable
win32_art_embedding_probe.exe I 07-29 17:56:22  1340  4124 class_linker.cc:3128] FinishArrayClassSetup Object IMT=0x156035102b8
win32_art_embedding_probe.exe I 07-29 17:56:22  1340  4124 class_linker.cc:3132] FinishArrayClassSetup after SetImt
win32_art_embedding_probe.exe I 07-29 17:56:22  1340  4124 class_linker.cc:3170] FinishArrayClassSetup done
win32_art_embedding_probe.exe I 07-29 17:56:22  1340  4124 class_linker.cc:3100] FinishArrayClassSetup enter array=0x44a5710 descriptor=[Ljava/lang/Character; component=0x442f760 ptr_size=8
win32_art_embedding_probe.exe I 07-29 17:56:22  1340  4124 class_linker.cc:3120] FinishArrayClassSetup before PopulateEmbeddedVTable
win32_art_embedding_probe.exe I 07-29 17:56:22  1340  4124 class_linker.cc:3124] FinishArrayClassSetup after PopulateEmbeddedVTable
win32_art_embedding_probe.exe I 07-29 17:56:22  1340  4124 class_linker.cc:3128] FinishArrayClassSetup Object IMT=0x156035102b8
win32_art_embedding_probe.exe I 07-29 17:56:22  1340  4124 class_linker.cc:3132] FinishArrayClassSetup after SetImt
win32_art_embedding_probe.exe I 07-29 17:56:22  1340  4124 class_linker.cc:3170] FinishArrayClassSetup done
win32_art_embedding_probe.exe I 07-29 17:56:22  1340  4124 class_linker.cc:3100] FinishArrayClassSetup enter array=0x44a57e0 descriptor=[Ljava/util/Hashtable$HashtableEntry; component=0x449ea60 ptr_size=8
win32_art_embedding_probe.exe I 07-29 17:56:22  1340  4124 class_linker.cc:3120] FinishArrayClassSetup before PopulateEmbeddedVTable
win32_art_embedding_probe.exe I 07-29 17:56:22  1340  4124 class_linker.cc:3124] FinishArrayClassSetup after PopulateEmbeddedVTable
win32_art_embedding_probe.exe I 07-29 17:56:22  1340  4124 class_linker.cc:3128] FinishArrayClassSetup Object IMT=0x156035102b8
win32_art_embedding_probe.exe I 07-29 17:56:22  1340  4124 class_linker.cc:3132] FinishArrayClassSetup after SetImt
win32_art_embedding_probe.exe I 07-29 17:56:22  1340  4124 class_linker.cc:3170] FinishArrayClassSetup done
win32_art_embedding_probe.exe I 07-29 17:56:22  1340  4124 class_linker.cc:3100] FinishArrayClassSetup enter array=0x44a5b20 descriptor=[Ljava/util/concurrent/ConcurrentHashMap$Segment; component=0x44b1480 ptr_size=8
win32_art_embedding_probe.exe I 07-29 17:56:22  1340  4124 class_linker.cc:3120] FinishArrayClassSetup before PopulateEmbeddedVTable
win32_art_embedding_probe.exe I 07-29 17:56:22  1340  4124 class_linker.cc:3124] FinishArrayClassSetup after PopulateEmbeddedVTable
win32_art_embedding_probe.exe I 07-29 17:56:22  1340  4124 class_linker.cc:3128] FinishArrayClassSetup Object IMT=0x156035102b8
win32_art_embedding_probe.exe I 07-29 17:56:22  1340  4124 class_linker.cc:3132] FinishArrayClassSetup after SetImt
win32_art_embedding_probe.exe I 07-29 17:56:22  1340  4124 class_linker.cc:3170] FinishArrayClassSetup done
win32_art_embedding_probe.exe I 07-29 17:56:22  1340  4124 class_linker.cc:3100] FinishArrayClassSetup enter array=0x44a5cc0 descriptor=[Ljava/util/concurrent/ConcurrentHashMap$Node; component=0x449ed30 ptr_size=8
win32_art_embedding_probe.exe I 07-29 17:56:22  1340  4124 class_linker.cc:3120] FinishArrayClassSetup before PopulateEmbeddedVTable
win32_art_embedding_probe.exe I 07-29 17:56:22  1340  4124 class_linker.cc:3124] FinishArrayClassSetup after PopulateEmbeddedVTable
win32_art_embedding_probe.exe I 07-29 17:56:22  1340  4124 class_linker.cc:3128] FinishArrayClassSetup Object IMT=0x156035102b8
win32_art_embedding_probe.exe I 07-29 17:56:22  1340  4124 class_linker.cc:3132] FinishArrayClassSetup after SetImt
win32_art_embedding_probe.exe I 07-29 17:56:22  1340  4124 class_linker.cc:3170] FinishArrayClassSetup done
win32_art_embedding_probe.exe I 07-29 17:56:22  1340  4124 class_linker.cc:3100] FinishArrayClassSetup enter array=0x44a5d90 descriptor=[Ljava/util/concurrent/ConcurrentHashMap$CounterCell; component=0x44a5bf0 ptr_size=8
win32_art_embedding_probe.exe I 07-29 17:56:22  1340  4124 class_linker.cc:3120] FinishArrayClassSetup before PopulateEmbeddedVTable
win32_art_embedding_probe.exe I 07-29 17:56:22  1340  4124 class_linker.cc:3124] FinishArrayClassSetup after PopulateEmbeddedVTable
win32_art_embedding_probe.exe I 07-29 17:56:22  1340  4124 class_linker.cc:3128] FinishArrayClassSetup Object IMT=0x156035102b8
win32_art_embedding_probe.exe I 07-29 17:56:22  1340  4124 class_linker.cc:3132] FinishArrayClassSetup after SetImt
win32_art_embedding_probe.exe I 07-29 17:56:22  1340  4124 class_linker.cc:3170] FinishArrayClassSetup done
win32_art_embedding_probe.exe I 07-29 17:56:22  1340  4124 class_linker.cc:3100] FinishArrayClassSetup enter array=0x44ca3d0 descriptor=[Landroid/system/StructCapUserData; component=0x44ca300 ptr_size=8
win32_art_embedding_probe.exe I 07-29 17:56:22  1340  4124 class_linker.cc:3120] FinishArrayClassSetup before PopulateEmbeddedVTable
win32_art_embedding_probe.exe I 07-29 17:56:22  1340  4124 class_linker.cc:3124] FinishArrayClassSetup after PopulateEmbeddedVTable
win32_art_embedding_probe.exe I 07-29 17:56:22  1340  4124 class_linker.cc:3128] FinishArrayClassSetup Object IMT=0x156035102b8
win32_art_embedding_probe.exe I 07-29 17:56:22  1340  4124 class_linker.cc:3132] FinishArrayClassSetup after SetImt
win32_art_embedding_probe.exe I 07-29 17:56:22  1340  4124 class_linker.cc:3170] FinishArrayClassSetup done
win32_art_embedding_probe.exe I 07-29 17:56:22  1340  4124 class_linker.cc:3100] FinishArrayClassSetup enter array=0x44ca4a0 descriptor=[Landroid/system/StructIfaddrs; component=0x4456a50 ptr_size=8
win32_art_embedding_probe.exe I 07-29 17:56:22  1340  4124 class_linker.cc:3120] FinishArrayClassSetup before PopulateEmbeddedVTable
win32_art_embedding_probe.exe I 07-29 17:56:22  1340  4124 class_linker.cc:3124] FinishArrayClassSetup after PopulateEmbeddedVTable
win32_art_embedding_probe.exe I 07-29 17:56:22  1340  4124 class_linker.cc:3128] FinishArrayClassSetup Object IMT=0x156035102b8
win32_art_embedding_probe.exe I 07-29 17:56:22  1340  4124 class_linker.cc:3132] FinishArrayClassSetup after SetImt
win32_art_embedding_probe.exe I 07-29 17:56:22  1340  4124 class_linker.cc:3170] FinishArrayClassSetup done
win32_art_embedding_probe.exe I 07-29 17:56:22  1340  4124 class_linker.cc:3100] FinishArrayClassSetup enter array=0x44ca640 descriptor=[Ljava/io/FileDescriptor; component=0x4428c70 ptr_size=8
win32_art_embedding_probe.exe I 07-29 17:56:22  1340  4124 class_linker.cc:3120] FinishArrayClassSetup before PopulateEmbeddedVTable
win32_art_embedding_probe.exe I 07-29 17:56:22  1340  4124 class_linker.cc:3124] FinishArrayClassSetup after PopulateEmbeddedVTable
win32_art_embedding_probe.exe I 07-29 17:56:22  1340  4124 class_linker.cc:3128] FinishArrayClassSetup Object IMT=0x156035102b8
win32_art_embedding_probe.exe I 07-29 17:56:22  1340  4124 class_linker.cc:3132] FinishArrayClassSetup after SetImt
win32_art_embedding_probe.exe I 07-29 17:56:22  1340  4124 class_linker.cc:3170] FinishArrayClassSetup done
win32_art_embedding_probe.exe I 07-29 17:56:22  1340  4124 class_linker.cc:3100] FinishArrayClassSetup enter array=0x44ca710 descriptor=[Landroid/system/StructPollfd; component=0x4456cc0 ptr_size=8
win32_art_embedding_probe.exe I 07-29 17:56:22  1340  4124 class_linker.cc:3120] FinishArrayClassSetup before PopulateEmbeddedVTable
win32_art_embedding_probe.exe I 07-29 17:56:22  1340  4124 class_linker.cc:3124] FinishArrayClassSetup after PopulateEmbeddedVTable
win32_art_embedding_probe.exe I 07-29 17:56:22  1340  4124 class_linker.cc:3128] FinishArrayClassSetup Object IMT=0x156035102b8
win32_art_embedding_probe.exe I 07-29 17:56:22  1340  4124 class_linker.cc:3132] FinishArrayClassSetup after SetImt
win32_art_embedding_probe.exe I 07-29 17:56:22  1340  4124 class_linker.cc:3170] FinishArrayClassSetup done
win32_art_embedding_probe.exe I 07-29 17:56:22  1340  4124 dalvik_system_VMRuntime.cc:217] Windows x64 VMRuntime_classPath -> '.'
win32_art_embedding_probe.exe I 07-29 17:56:22  1340  4124 class_linker.cc:3100] FinishArrayClassSetup enter array=0x44cab20 descriptor=[Ljava/util/Locale; component=0x444a400 ptr_size=8
win32_art_embedding_probe.exe I 07-29 17:56:22  1340  4124 class_linker.cc:3120] FinishArrayClassSetup before PopulateEmbeddedVTable
win32_art_embedding_probe.exe I 07-29 17:56:22  1340  4124 class_linker.cc:3124] FinishArrayClassSetup after PopulateEmbeddedVTable
win32_art_embedding_probe.exe I 07-29 17:56:22  1340  4124 class_linker.cc:3128] FinishArrayClassSetup Object IMT=0x156035102b8
win32_art_embedding_probe.exe I 07-29 17:56:22  1340  4124 class_linker.cc:3132] FinishArrayClassSetup after SetImt
win32_art_embedding_probe.exe I 07-29 17:56:22  1340  4124 class_linker.cc:3170] FinishArrayClassSetup done
win32_art_embedding_probe.exe I 07-29 17:56:22  1340  4124 class_linker.cc:3100] FinishArrayClassSetup enter array=0x44d4160 descriptor=[Lsun/util/locale/BaseLocale; component=0x44a1dc0 ptr_size=8
win32_art_embedding_probe.exe I 07-29 17:56:22  1340  4124 class_linker.cc:3120] FinishArrayClassSetup before PopulateEmbeddedVTable
win32_art_embedding_probe.exe I 07-29 17:56:22  1340  4124 class_linker.cc:3124] FinishArrayClassSetup after PopulateEmbeddedVTable
win32_art_embedding_probe.exe I 07-29 17:56:22  1340  4124 class_linker.cc:3128] FinishArrayClassSetup Object IMT=0x156035102b8
win32_art_embedding_probe.exe I 07-29 17:56:22  1340  4124 class_linker.cc:3132] FinishArrayClassSetup after SetImt
win32_art_embedding_probe.exe I 07-29 17:56:22  1340  4124 class_linker.cc:3170] FinishArrayClassSetup done
win32_art_embedding_probe.exe I 07-29 17:56:22  1340  4124 class_linker.cc:3100] FinishArrayClassSetup enter array=0x44d4980 descriptor=[Llibcore/io/IoTracker$Mode; component=0x4450ef0 ptr_size=8
win32_art_embedding_probe.exe I 07-29 17:56:22  1340  4124 class_linker.cc:3120] FinishArrayClassSetup before PopulateEmbeddedVTable
win32_art_embedding_probe.exe I 07-29 17:56:22  1340  4124 class_linker.cc:3124] FinishArrayClassSetup after PopulateEmbeddedVTable
win32_art_embedding_probe.exe I 07-29 17:56:22  1340  4124 class_linker.cc:3128] FinishArrayClassSetup Object IMT=0x156035102b8
win32_art_embedding_probe.exe I 07-29 17:56:22  1340  4124 class_linker.cc:3132] FinishArrayClassSetup after SetImt
win32_art_embedding_probe.exe I 07-29 17:56:22  1340  4124 class_linker.cc:3170] FinishArrayClassSetup done
win32_art_embedding_probe.exe I 07-29 17:56:22  1340  4124 class_linker.cc:3100] FinishArrayClassSetup enter array=0x44d4b20 descriptor=[Ljava/lang/ClassValue$Entry; component=0x44a2ec0 ptr_size=8
win32_art_embedding_probe.exe I 07-29 17:56:22  1340  4124 class_linker.cc:3120] FinishArrayClassSetup before PopulateEmbeddedVTable
win32_art_embedding_probe.exe I 07-29 17:56:22  1340  4124 class_linker.cc:3124] FinishArrayClassSetup after PopulateEmbeddedVTable
win32_art_embedding_probe.exe I 07-29 17:56:22  1340  4124 class_linker.cc:3128] FinishArrayClassSetup Object IMT=0x156035102b8
win32_art_embedding_probe.exe I 07-29 17:56:22  1340  4124 class_linker.cc:3132] FinishArrayClassSetup after SetImt
win32_art_embedding_probe.exe I 07-29 17:56:22  1340  4124 class_linker.cc:3170] FinishArrayClassSetup done
win32_art_embedding_probe.exe I 07-29 17:56:22  1340  4124 class_linker.cc:3100] FinishArrayClassSetup enter array=0x44df160 descriptor=[Ljava/lang/ThreadGroup; component=0x44443c0 ptr_size=8
win32_art_embedding_probe.exe I 07-29 17:56:22  1340  4124 class_linker.cc:3120] FinishArrayClassSetup before PopulateEmbeddedVTable
win32_art_embedding_probe.exe I 07-29 17:56:22  1340  4124 class_linker.cc:3124] FinishArrayClassSetup after PopulateEmbeddedVTable
win32_art_embedding_probe.exe I 07-29 17:56:22  1340  4124 class_linker.cc:3128] FinishArrayClassSetup Object IMT=0x156035102b8
win32_art_embedding_probe.exe I 07-29 17:56:22  1340  4124 class_linker.cc:3132] FinishArrayClassSetup after SetImt
win32_art_embedding_probe.exe I 07-29 17:56:22  1340  4124 class_linker.cc:3170] FinishArrayClassSetup done
win32_art_embedding_probe.exe I 07-29 17:56:22  1340  4124 class_linker.cc:3100] FinishArrayClassSetup enter array=0x44df640 descriptor=[Ljava/lang/Thread$State; component=0x44d55e0 ptr_size=8
win32_art_embedding_probe.exe I 07-29 17:56:22  1340  4124 class_linker.cc:3120] FinishArrayClassSetup before PopulateEmbeddedVTable
win32_art_embedding_probe.exe I 07-29 17:56:22  1340  4124 class_linker.cc:3124] FinishArrayClassSetup after PopulateEmbeddedVTable
win32_art_embedding_probe.exe I 07-29 17:56:22  1340  4124 class_linker.cc:3128] FinishArrayClassSetup Object IMT=0x156035102b8
win32_art_embedding_probe.exe I 07-29 17:56:22  1340  4124 class_linker.cc:3132] FinishArrayClassSetup after SetImt
win32_art_embedding_probe.exe I 07-29 17:56:22  1340  4124 class_linker.cc:3170] FinishArrayClassSetup done
win32_art_embedding_probe.exe W 07-29 17:56:22  1340  4124 thread.cc:5126] Using default priority map due to SDK version
win32_art_embedding_probe.exe I 07-29 17:56:22  1340  4124 class_linker.cc:3100] FinishArrayClassSetup enter array=0x44df710 descriptor=[Ljava/security/Permission; component=0x448cba0 ptr_size=8
win32_art_embedding_probe.exe I 07-29 17:56:22  1340  4124 class_linker.cc:3120] FinishArrayClassSetup before PopulateEmbeddedVTable
win32_art_embedding_probe.exe I 07-29 17:56:22  1340  4124 class_linker.cc:3124] FinishArrayClassSetup after PopulateEmbeddedVTable
win32_art_embedding_probe.exe I 07-29 17:56:22  1340  4124 class_linker.cc:3128] FinishArrayClassSetup Object IMT=0x156035102b8
win32_art_embedding_probe.exe I 07-29 17:56:22  1340  4124 class_linker.cc:3132] FinishArrayClassSetup after SetImt
win32_art_embedding_probe.exe I 07-29 17:56:22  1340  4124 class_linker.cc:3170] FinishArrayClassSetup done
win32_art_embedding_probe.exe I 07-29 17:56:22  1340  4124 class_linker.cc:3100] FinishArrayClassSetup enter array=0x44df7e0 descriptor=[Ljava/security/ProtectionDomain; component=0x442ea00 ptr_size=8
win32_art_embedding_probe.exe I 07-29 17:56:22  1340  4124 class_linker.cc:3120] FinishArrayClassSetup before PopulateEmbeddedVTable
win32_art_embedding_probe.exe I 07-29 17:56:22  1340  4124 class_linker.cc:3124] FinishArrayClassSetup after PopulateEmbeddedVTable
win32_art_embedding_probe.exe I 07-29 17:56:22  1340  4124 class_linker.cc:3128] FinishArrayClassSetup Object IMT=0x156035102b8
win32_art_embedding_probe.exe I 07-29 17:56:22  1340  4124 class_linker.cc:3132] FinishArrayClassSetup after SetImt
win32_art_embedding_probe.exe I 07-29 17:56:22  1340  4124 class_linker.cc:3170] FinishArrayClassSetup done
win32_art_embedding_probe.exe I 07-29 17:56:22  1340  4124 class_linker.cc:3100] FinishArrayClassSetup enter array=0x44df8b0 descriptor=[[Ljava/lang/Class; component=0x4410160 ptr_size=8
win32_art_embedding_probe.exe I 07-29 17:56:22  1340  4124 class_linker.cc:3120] FinishArrayClassSetup before PopulateEmbeddedVTable
win32_art_embedding_probe.exe I 07-29 17:56:22  1340  4124 class_linker.cc:3124] FinishArrayClassSetup after PopulateEmbeddedVTable
win32_art_embedding_probe.exe I 07-29 17:56:22  1340  4124 class_linker.cc:3128] FinishArrayClassSetup Object IMT=0x156035102b8
win32_art_embedding_probe.exe I 07-29 17:56:22  1340  4124 class_linker.cc:3132] FinishArrayClassSetup after SetImt
win32_art_embedding_probe.exe I 07-29 17:56:22  1340  4124 class_linker.cc:3170] FinishArrayClassSetup done
win32_art_embedding_probe.exe I 07-29 17:56:22  1340  4124 class_linker.cc:3100] FinishArrayClassSetup enter array=0x44dfbf0 descriptor=[Ljava/lang/Long; component=0x4431820 ptr_size=8
win32_art_embedding_probe.exe I 07-29 17:56:22  1340  4124 class_linker.cc:3120] FinishArrayClassSetup before PopulateEmbeddedVTable
win32_art_embedding_probe.exe I 07-29 17:56:22  1340  4124 class_linker.cc:3124] FinishArrayClassSetup after PopulateEmbeddedVTable
win32_art_embedding_probe.exe I 07-29 17:56:22  1340  4124 class_linker.cc:3128] FinishArrayClassSetup Object IMT=0x156035102b8
win32_art_embedding_probe.exe I 07-29 17:56:22  1340  4124 class_linker.cc:3132] FinishArrayClassSetup after SetImt
win32_art_embedding_probe.exe I 07-29 17:56:22  1340  4124 class_linker.cc:3170] FinishArrayClassSetup done
win32_art_embedding_probe.exe I 07-29 17:56:22  1340  4124 class_linker.cc:3100] FinishArrayClassSetup enter array=0x44dfcc0 descriptor=[Ljava/lang/invoke/MethodType; component=0x441bc00 ptr_size=8
win32_art_embedding_probe.exe I 07-29 17:56:22  1340  4124 class_linker.cc:3120] FinishArrayClassSetup before PopulateEmbeddedVTable
win32_art_embedding_probe.exe I 07-29 17:56:22  1340  4124 class_linker.cc:3124] FinishArrayClassSetup after PopulateEmbeddedVTable
win32_art_embedding_probe.exe I 07-29 17:56:22  1340  4124 class_linker.cc:3128] FinishArrayClassSetup Object IMT=0x156035102b8
win32_art_embedding_probe.exe I 07-29 17:56:22  1340  4124 class_linker.cc:3132] FinishArrayClassSetup after SetImt
win32_art_embedding_probe.exe I 07-29 17:56:22  1340  4124 class_linker.cc:3170] FinishArrayClassSetup done
win32_art_embedding_probe.exe I 07-29 17:56:22  1340  4124 class_linker.cc:3100] FinishArrayClassSetup enter array=0x44dfe60 descriptor=[Ljava/lang/invoke/TypeDescriptor$OfField; component=0x4411970 ptr_size=8
win32_art_embedding_probe.exe I 07-29 17:56:22  1340  4124 class_linker.cc:3120] FinishArrayClassSetup before PopulateEmbeddedVTable
win32_art_embedding_probe.exe I 07-29 17:56:22  1340  4124 class_linker.cc:3124] FinishArrayClassSetup after PopulateEmbeddedVTable
win32_art_embedding_probe.exe I 07-29 17:56:22  1340  4124 class_linker.cc:3128] FinishArrayClassSetup Object IMT=0x156035102b8
win32_art_embedding_probe.exe I 07-29 17:56:22  1340  4124 class_linker.cc:3132] FinishArrayClassSetup after SetImt
win32_art_embedding_probe.exe I 07-29 17:56:22  1340  4124 class_linker.cc:3170] FinishArrayClassSetup done
win32_art_embedding_probe.exe I 07-29 17:56:22  1340  4124 class_linker.cc:3100] FinishArrayClassSetup enter array=0x44dff30 descriptor=[Ljava/nio/ByteBuffer; component=0x4422e20 ptr_size=8
win32_art_embedding_probe.exe I 07-29 17:56:22  1340  4124 class_linker.cc:3120] FinishArrayClassSetup before PopulateEmbeddedVTable
win32_art_embedding_probe.exe I 07-29 17:56:22  1340  4124 class_linker.cc:3124] FinishArrayClassSetup after PopulateEmbeddedVTable
win32_art_embedding_probe.exe I 07-29 17:56:22  1340  4124 class_linker.cc:3128] FinishArrayClassSetup Object IMT=0x156035102b8
win32_art_embedding_probe.exe I 07-29 17:56:22  1340  4124 class_linker.cc:3132] FinishArrayClassSetup after SetImt
win32_art_embedding_probe.exe I 07-29 17:56:22  1340  4124 class_linker.cc:3170] FinishArrayClassSetup done
win32_art_embedding_probe.exe I 07-29 17:56:22  1340  4124 class_linker.cc:3100] FinishArrayClassSetup enter array=0x44ea160 descriptor=[Ljava/lang/Daemons$Daemon; component=0x44e5a50 ptr_size=8
win32_art_embedding_probe.exe I 07-29 17:56:22  1340  4124 class_linker.cc:3120] FinishArrayClassSetup before PopulateEmbeddedVTable
win32_art_embedding_probe.exe I 07-29 17:56:22  1340  4124 class_linker.cc:3124] FinishArrayClassSetup after PopulateEmbeddedVTable
win32_art_embedding_probe.exe I 07-29 17:56:22  1340  4124 class_linker.cc:3128] FinishArrayClassSetup Object IMT=0x156035102b8
win32_art_embedding_probe.exe I 07-29 17:56:22  1340  4124 class_linker.cc:3132] FinishArrayClassSetup after SetImt
win32_art_embedding_probe.exe I 07-29 17:56:22  1340  4124 class_linker.cc:3170] FinishArrayClassSetup done
win32_art_embedding_probe.exe I 07-29 17:56:22  1340  4124 class_linker.cc:3100] FinishArrayClassSetup enter array=0x44ea7e0 descriptor=[Ljava/util/WeakHashMap$Entry; component=0x44e4700 ptr_size=8
win32_art_embedding_probe.exe I 07-29 17:56:22  1340  4124 class_linker.cc:3120] FinishArrayClassSetup before PopulateEmbeddedVTable
win32_art_embedding_probe.exe I 07-29 17:56:22  1340  4124 class_linker.cc:3124] FinishArrayClassSetup after PopulateEmbeddedVTable
win32_art_embedding_probe.exe I 07-29 17:56:22  1340  4124 class_linker.cc:3128] FinishArrayClassSetup Object IMT=0x156035102b8
win32_art_embedding_probe.exe I 07-29 17:56:22  1340  4124 class_linker.cc:3132] FinishArrayClassSetup after SetImt
win32_art_embedding_probe.exe I 07-29 17:56:22  1340  4124 class_linker.cc:3170] FinishArrayClassSetup done
win32_art_embedding_probe.exe I 07-29 17:56:22  1340  4124 class_linker.cc:3100] FinishArrayClassSetup enter array=0x44eab20 descriptor=[Llibcore/reflect/AnnotationMember$DefaultValues; component=0x44f5120 ptr_size=8
win32_art_embedding_probe.exe I 07-29 17:56:22  1340  4124 class_linker.cc:3120] FinishArrayClassSetup before PopulateEmbeddedVTable
win32_art_embedding_probe.exe I 07-29 17:56:22  1340  4124 class_linker.cc:3124] FinishArrayClassSetup after PopulateEmbeddedVTable
win32_art_embedding_probe.exe I 07-29 17:56:22  1340  4124 class_linker.cc:3128] FinishArrayClassSetup Object IMT=0x156035102b8
win32_art_embedding_probe.exe I 07-29 17:56:22  1340  4124 class_linker.cc:3132] FinishArrayClassSetup after SetImt
win32_art_embedding_probe.exe I 07-29 17:56:22  1340  4124 class_linker.cc:3170] FinishArrayClassSetup done
win32_art_embedding_probe.exe I 07-29 17:56:22  1340  4124 class_linker.cc:3100] FinishArrayClassSetup enter array=0x44eabf0 descriptor=[Ldalvik/system/DexPathList$Element; component=0x4453100 ptr_size=8
win32_art_embedding_probe.exe I 07-29 17:56:22  1340  4124 class_linker.cc:3120] FinishArrayClassSetup before PopulateEmbeddedVTable
win32_art_embedding_probe.exe I 07-29 17:56:22  1340  4124 class_linker.cc:3124] FinishArrayClassSetup after PopulateEmbeddedVTable
win32_art_embedding_probe.exe I 07-29 17:56:22  1340  4124 class_linker.cc:3128] FinishArrayClassSetup Object IMT=0x156035102b8
win32_art_embedding_probe.exe I 07-29 17:56:22  1340  4124 class_linker.cc:3132] FinishArrayClassSetup after SetImt
win32_art_embedding_probe.exe I 07-29 17:56:22  1340  4124 class_linker.cc:3170] FinishArrayClassSetup done
win32_art_embedding_probe.exe I 07-29 17:56:22  1340  4124 class_linker.cc:3100] FinishArrayClassSetup enter array=0x44ead90 descriptor=[[B component=0x410b70 ptr_size=8
win32_art_embedding_probe.exe I 07-29 17:56:22  1340  4124 class_linker.cc:3120] FinishArrayClassSetup before PopulateEmbeddedVTable
win32_art_embedding_probe.exe I 07-29 17:56:22  1340  4124 class_linker.cc:3124] FinishArrayClassSetup after PopulateEmbeddedVTable
win32_art_embedding_probe.exe I 07-29 17:56:22  1340  4124 class_linker.cc:3128] FinishArrayClassSetup Object IMT=0x156035102b8
win32_art_embedding_probe.exe I 07-29 17:56:22  1340  4124 class_linker.cc:3132] FinishArrayClassSetup after SetImt
win32_art_embedding_probe.exe I 07-29 17:56:22  1340  4124 class_linker.cc:3170] FinishArrayClassSetup done
win32_art_embedding_probe.exe I 07-29 17:56:22  1340  4124 class_linker.cc:3100] FinishArrayClassSetup enter array=0x44eae60 descriptor=[Ldalvik/system/DexPathList$NativeLibraryElement; component=0x44e7f20 ptr_size=8
win32_art_embedding_probe.exe I 07-29 17:56:22  1340  4124 class_linker.cc:3120] FinishArrayClassSetup before PopulateEmbeddedVTable
win32_art_embedding_probe.exe I 07-29 17:56:22  1340  4124 class_linker.cc:3124] FinishArrayClassSetup after PopulateEmbeddedVTable
win32_art_embedding_probe.exe I 07-29 17:56:22  1340  4124 class_linker.cc:3128] FinishArrayClassSetup Object IMT=0x156035102b8
win32_art_embedding_probe.exe I 07-29 17:56:22  1340  4124 class_linker.cc:3132] FinishArrayClassSetup after SetImt
win32_art_embedding_probe.exe I 07-29 17:56:22  1340  4124 class_linker.cc:3170] FinishArrayClassSetup done
win32_art_embedding_probe.exe I 07-29 17:56:22  1340  4124 class_linker.cc:3100] FinishArrayClassSetup enter array=0x44eaf30 descriptor=[Ljava/io/IOException; component=0x4443c40 ptr_size=8
win32_art_embedding_probe.exe I 07-29 17:56:22  1340  4124 class_linker.cc:3120] FinishArrayClassSetup before PopulateEmbeddedVTable
win32_art_embedding_probe.exe I 07-29 17:56:22  1340  4124 class_linker.cc:3124] FinishArrayClassSetup after PopulateEmbeddedVTable
win32_art_embedding_probe.exe I 07-29 17:56:22  1340  4124 class_linker.cc:3128] FinishArrayClassSetup Object IMT=0x156035102b8
win32_art_embedding_probe.exe I 07-29 17:56:22  1340  4124 class_linker.cc:3132] FinishArrayClassSetup after SetImt
win32_art_embedding_probe.exe I 07-29 17:56:22  1340  4124 class_linker.cc:3170] FinishArrayClassSetup done
win32_art_embedding_probe.exe I 07-29 17:56:22  1340  4124 runtime.cc:1004] Windows x64 CreateSystemClassLoader before invoke class_path_string_='' entry=0x7ff91015f740 nterp_supported=1 can_use_nterp=0
win32_art_embedding_probe.exe I 07-29 17:56:22  1340  4124 class_linker.cc:3100] FinishArrayClassSetup enter array=0x44f9570 descriptor=[Ljava/io/File; component=0x4488800 ptr_size=8
win32_art_embedding_probe.exe I 07-29 17:56:22  1340  4124 class_linker.cc:3120] FinishArrayClassSetup before PopulateEmbeddedVTable
win32_art_embedding_probe.exe I 07-29 17:56:22  1340  4124 class_linker.cc:3124] FinishArrayClassSetup after PopulateEmbeddedVTable
win32_art_embedding_probe.exe I 07-29 17:56:22  1340  4124 class_linker.cc:3128] FinishArrayClassSetup Object IMT=0x156035102b8
win32_art_embedding_probe.exe I 07-29 17:56:22  1340  4124 class_linker.cc:3132] FinishArrayClassSetup after SetImt
win32_art_embedding_probe.exe I 07-29 17:56:22  1340  4124 class_linker.cc:3170] FinishArrayClassSetup done
win32_art_embedding_probe.exe I 07-29 17:56:22  1340  4124 class_linker.cc:3100] FinishArrayClassSetup enter array=0x44f9710 descriptor=[Ljava/io/File$PathStatus; component=0x44f5230 ptr_size=8
win32_art_embedding_probe.exe I 07-29 17:56:22  1340  4124 class_linker.cc:3120] FinishArrayClassSetup before PopulateEmbeddedVTable
win32_art_embedding_probe.exe I 07-29 17:56:22  1340  4124 class_linker.cc:3124] FinishArrayClassSetup after PopulateEmbeddedVTable
win32_art_embedding_probe.exe I 07-29 17:56:22  1340  4124 class_linker.cc:3128] FinishArrayClassSetup Object IMT=0x156035102b8
win32_art_embedding_probe.exe I 07-29 17:56:22  1340  4124 class_linker.cc:3132] FinishArrayClassSetup after SetImt
win32_art_embedding_probe.exe I 07-29 17:56:22  1340  4124 class_linker.cc:3170] FinishArrayClassSetup done
Windows x64 getBooleanAttributes0 jlen=1 raw_first=2e
Windows x64 getBooleanAttributes0 path='.' attr=0x10 rv=0x5
Windows x64 getBooleanAttributes0 jlen=1 raw_first=2e
Windows x64 getBooleanAttributes0 path='.' attr=0x10 rv=0x5
win32_art_embedding_probe.exe I 07-29 17:56:22  1340  4124 class_linker.cc:3100] FinishArrayClassSetup enter array=0x44f98b0 descriptor=[Ljava/lang/ThreadLocal$ThreadLocalMap$Entry; component=0x44aaa00 ptr_size=8
win32_art_embedding_probe.exe I 07-29 17:56:22  1340  4124 class_linker.cc:3120] FinishArrayClassSetup before PopulateEmbeddedVTable
win32_art_embedding_probe.exe I 07-29 17:56:22  1340  4124 class_linker.cc:3124] FinishArrayClassSetup after PopulateEmbeddedVTable
win32_art_embedding_probe.exe I 07-29 17:56:22  1340  4124 class_linker.cc:3128] FinishArrayClassSetup Object IMT=0x156035102b8
win32_art_embedding_probe.exe I 07-29 17:56:22  1340  4124 class_linker.cc:3132] FinishArrayClassSetup after SetImt
win32_art_embedding_probe.exe I 07-29 17:56:22  1340  4124 class_linker.cc:3170] FinishArrayClassSetup done
Windows x64 getBooleanAttributes0 jlen=1 raw_first=2e
Windows x64 getBooleanAttributes0 path='.' attr=0x10 rv=0x5
Windows x64 getBooleanAttributes0 jlen=1 raw_first=2e
Windows x64 getBooleanAttributes0 path='.' attr=0x10 rv=0x5
win32_art_embedding_probe.exe I 07-29 17:56:22  1340  4124 runtime.cc:1014] Windows x64 CreateSystemClassLoader after invoke loader=0x4417f58
win32_art_embedding_probe.exe I 07-29 17:56:22  1340  4124 runtime.cc:1145] Windows x64 Runtime::Start after CreateSystemClassLoader can_use_nterp=0 finished=0
win32_art_embedding_probe.exe I 07-29 17:56:22  1340  4124 runtime.cc:1156] Windows x64 Runtime::Start before InitNonZygoteOrPostFork
win32_art_embedding_probe.exe I 07-29 17:56:22  1340  4124 runtime.cc:1162] Windows x64 Runtime::Start after InitNonZygoteOrPostFork
win32_art_embedding_probe.exe I 07-29 17:56:22  1340  4124 runtime.cc:1167] Windows x64 Runtime::Start before StartDaemonThreads
win32_art_embedding_probe.exe I 07-29 17:56:22  1340  4124 runtime.cc:1169] Windows x64 Runtime::Start after StartDaemonThreads
win32_art_embedding_probe.exe I 07-29 17:56:22  1340  4124 runtime.cc:1176] Windows x64 Runtime::Start after kInit phase
win32_art_embedding_probe.exe I 07-29 17:56:22  1340  4124 runtime.cc:1181] Windows x64 Runtime::Start finished_starting_=true can_use_nterp=1
win32_art_embedding_probe.exe I 07-29 17:56:22  1340  4124 runtime.cc:1229] Windows x64 Runtime::Start upgraded eligible methods to nterp count=11344
ART Win32 VEH: exception 0xc0000005 at 0x7ff92a1da80a access=1 fault_addr=0
  rip=0x7ff92a1da80a rsp=0x1682ff9a0 rbp=0x2 rax=0x7ff92a7b0000 rcx=0x936e8601 rdx=0x15
  stack[0..15]:
    +0: 0x7ff92a7e68d0 0x1682ffad0 0 0xc0000005
    +20: 0x80c0000005 0 0x7ff92a1da80a 0x2
    +40: 0x1 0 0 0
    +60: 0 0 0 0
WIN32_ART_EMBED foreign_veh search=1
ART Win32 UEF: exception 0xc0000005 at 0x7ff92a1da80a access=1 fault_addr=0
  rip=0x7ff92a1da80a rsp=0x1682ff9a0 rbp=0x2 rax=0x7ff92a7b0000 rcx=0x936e8601 rdx=0x15
  stack[0..15]:
    +0: 0x7ff92a7e68d0 0x1682ffad0 0 0xc0000005
    +20: 0x80c0000005 0 0x7ff92a1da80a 0x2
    +40: 0x1 0 0 0
    +60: 0 0 0 0
ART Win32 crash: minidump written to C:\Users\Administrator\fs2_w010_w014_host_final\windows_x64_w010_w014_host_fs2\run\crash\art-20260729-175622.dmp
WIN32_ART_EMBED predecessor_uef continue=1
ART Win32 VEH: exception 0xc0000005 at 0x7ff92a1da80a access=1 fault_addr=0
  rip=0x7ff92a1da80a rsp=0x1682ff960 rbp=0x2 rax=0x53002b002b0033 rcx=0x206002b002b rdx=0x1567fad1a50
  stack[0..15]:
    +0: 0x1567fac6e60 0x1682ffa80 0 0xc0000005
    +20: 0x80c0000005 0 0x7ff92a1da80a 0x2
    +40: 0x1 0 0 0
    +60: 0 0 0 0
WIN32_ART_EMBED foreign_veh search=1
WIN32_ART_EMBED foreign_veh search=1
new_minidump=C:\Users\Administrator\fs2_w010_w014_host_final\windows_x64_w010_w014_host_fs2\run\crash\art_embedding-art-20260729-175622.dmp bytes=747313
